2026-08-02 01:12:36.799  INFO 20984 --- [main] .s.d.r.c.RepositoryConfigurationDelegate : Multiple Spring Data modules found, entering strict repository configuration mode
2026-08-02 01:12:36.806  INFO 20984 --- [main] .s.d.r.c.RepositoryConfigurationDelegate : Bootstrapping Spring Data Redis repositories in DEFAULT mode.
2026-08-02 01:12:36.832  INFO 20984 --- [main] .s.d.r.c.RepositoryConfigurationDelegate : Finished Spring Data repository scanning in 11 ms. Found 0 Redis repository interfaces.
2026-08-02 01:12:37.358  INFO 20984 --- [main] o.s.b.w.embedded.tomcat.TomcatWebServer  : Tomcat initialized with port(s): 8080 (http)
2026-08-02 01:12:37.366  INFO 20984 --- [main] o.apache.catalina.core.StandardService   : Starting service [Tomcat]
2026-08-02 01:12:37.366  INFO 20984 --- [main] org.apache.catalina.core.StandardEngine  : Starting Servlet engine: [Apache Tomcat/9.0.82]
2026-08-02 01:12:37.467  INFO 20984 --- [main] o.a.c.c.C.[Tomcat].[localhost].[/]       : Initializing Spring embedded WebApplicationContext
2026-08-02 01:12:37.468  INFO 20984 --- [main] w.s.c.ServletWebServerApplicationContext : Root WebApplicationContext: initialization completed in 1347 ms
2026-08-02 01:12:37.582  INFO 20984 --- [main] c.a.d.s.b.a.DruidDataSourceAutoConfigure : Init DruidDataSource
2026-08-02 01:12:37.684  INFO 20984 --- [main] com.alibaba.druid.pool.DruidDataSource   : {dataSource-1} inited
2026-08-02 01:12:37.906  INFO 20984 --- [main] com.sky.config.WebMvcConfiguration       : 准备生成接口文档..
2026-08-02 01:12:37.977  INFO 20984 --- [main] com.sky.config.WebMvcConfiguration       : 开始注册自定义拦截器...
2026-08-02 01:12:38.037  INFO 20984 --- [main] com.sky.config.WebMvcConfiguration       : 扩展消息转换器已启动
2026-08-02 01:12:38.040  INFO 20984 --- [main] com.sky.config.WebMvcConfiguration       : 开始设置静态资源映射
2026-08-02 01:12:38.560  INFO 20984 --- [main] o.s.b.w.embedded.tomcat.TomcatWebServer  : Tomcat started on port(s): 8080 (http) with context path ''
2026-08-02 01:12:38.712  INFO 20984 --- [main] com.sky.SkyApplication                   : server started
2026-08-02 01:13:01.854  INFO 20984 --- [http-nio-8080-exec-1] o.a.c.c.C.[Tomcat].[localhost].[/]       : Initializing Spring DispatcherServlet 'dispatcherServlet'
2026-08-02 01:13:01.854  INFO 20984 --- [http-nio-8080-exec-1] o.s.web.servlet.DispatcherServlet        : Initializing Servlet 'dispatcherServlet'
2026-08-02 01:13:01.855  INFO 20984 --- [http-nio-8080-exec-1] o.s.web.servlet.DispatcherServlet        : Completed initialization in 1 ms
2026-08-02 01:13:01.866  WARN 20984 --- [http-nio-8080-exec-1] o.s.web.servlet.PageNotFound             : No mapping for GET /
2026-08-02 01:13:01.963  WARN 20984 --- [http-nio-8080-exec-2] o.s.web.servlet.PageNotFound             : No mapping for GET /favicon.ico
2026-08-02 01:13:05.446  INFO 20984 --- [http-nio-8080-exec-3] c.s.controller.admin.EmployeeController  : 员工登录：EmployeeLoginDTO(username=admin, password=123456)
2026-08-02 01:13:05.623 DEBUG 20984 --- [http-nio-8080-exec-3] c.s.mapper.EmployeeMapper.getByUsername  : ==>  Preparing: select * from employee where username = ?
2026-08-02 01:13:05.640 DEBUG 20984 --- [http-nio-8080-exec-3] c.s.mapper.EmployeeMapper.getByUsername  : ==> Parameters: admin(String)
2026-08-02 01:13:05.681 DEBUG 20984 --- [http-nio-8080-exec-3] c.s.mapper.EmployeeMapper.getByUsername  : <==      Total: 1
2026-08-02 01:13:05.803  WARN 20984 --- [http-nio-8080-exec-6] o.s.web.servlet.PageNotFound             : No mapping for GET /admin/workspace/businessData
2026-08-02 01:13:05.803  WARN 20984 --- [http-nio-8080-exec-4] o.s.web.servlet.PageNotFound             : No mapping for GET /admin/order/conditionSearch
2026-08-02 01:13:05.803  WARN 20984 --- [http-nio-8080-exec-7] o.s.web.servlet.PageNotFound             : No mapping for GET /admin/workspace/overviewOrders
2026-08-02 01:13:05.803  WARN 20984 --- [http-nio-8080-exec-5] o.s.web.servlet.PageNotFound             : No mapping for GET /admin/shop/status
2026-08-02 01:13:05.807  WARN 20984 --- [http-nio-8080-exec-8] o.s.web.servlet.PageNotFound             : No mapping for GET /admin/workspace/overviewSetmeals
2026-08-02 01:13:05.807  WARN 20984 --- [http-nio-8080-exec-9] o.s.web.servlet.PageNotFound             : No mapping for GET /admin/workspace/overviewDishes
2026-08-02 01:13:06.078  WARN 20984 --- [http-nio-8080-exec-10] o.s.web.servlet.PageNotFound             : No mapping for GET /ws/ljguv1dblk
2026-08-02 01:13:07.918  INFO 20984 --- [http-nio-8080-exec-1] c.s.i.JwtTokenAdminInterceptor           : jwt校验:eyJhbGciOiJIUzI1NiJ9.eyJlbXBJZCI6MSwiZXhwIjoxNzg1NjExNTg1fQ.778L8T6SRVke3WUozuUHLkZlCT9_minWr7hzu1ee5SA
2026-08-02 01:13:07.941  INFO 20984 --- [http-nio-8080-exec-1] c.s.i.JwtTokenAdminInterceptor           : 当前员工id：
2026-08-02 01:13:07.945  INFO 20984 --- [http-nio-8080-exec-1] c.s.controller.admin.EmployeeController  : 员工分页查询，参数为EmployeePageQueryDTO(name=null, page=1, pageSize=10)
2026-08-02 01:13:07.995 DEBUG 20984 --- [http-nio-8080-exec-1] c.s.mapper.EmployeeMapper.getPage_COUNT  : ==>  Preparing: SELECT count(0) FROM employee
2026-08-02 01:13:07.996 DEBUG 20984 --- [http-nio-8080-exec-1] c.s.mapper.EmployeeMapper.getPage_COUNT  : ==> Parameters: 
2026-08-02 01:13:07.999 DEBUG 20984 --- [http-nio-8080-exec-1] c.s.mapper.EmployeeMapper.getPage_COUNT  : <==      Total: 1
2026-08-02 01:13:08.000 DEBUG 20984 --- [http-nio-8080-exec-1] com.sky.mapper.EmployeeMapper.getPage    : ==>  Preparing: select * from employee LIMIT ?
2026-08-02 01:13:08.001 DEBUG 20984 --- [http-nio-8080-exec-1] com.sky.mapper.EmployeeMapper.getPage    : ==> Parameters: 10(Integer)
2026-08-02 01:13:08.003 DEBUG 20984 --- [http-nio-8080-exec-1] com.sky.mapper.EmployeeMapper.getPage    : <==      Total: 3
2026-08-02 01:14:23.404  WARN 20984 --- [http-nio-8080-exec-4] o.s.web.servlet.PageNotFound             : No mapping for POST /admin/employee/status/0
2026-08-02 01:43:35.523  INFO 20984 --- [SpringApplicationShutdownHook] com.alibaba.druid.pool.DruidDataSource   : {dataSource-1} closing ...
2026-08-02 01:43:35.525  INFO 20984 --- [SpringApplicationShutdownHook] com.alibaba.druid.pool.DruidDataSource   : {dataSource-1} closed
2026-08-02 01:44:58.180  INFO 25968 --- [main] .s.d.r.c.RepositoryConfigurationDelegate : Multiple Spring Data modules found, entering strict repository configuration mode
2026-08-02 01:44:58.183  INFO 25968 --- [main] .s.d.r.c.RepositoryConfigurationDelegate : Bootstrapping Spring Data Redis repositories in DEFAULT mode.
2026-08-02 01:44:58.204  INFO 25968 --- [main] .s.d.r.c.RepositoryConfigurationDelegate : Finished Spring Data repository scanning in 11 ms. Found 0 Redis repository interfaces.
2026-08-02 01:44:58.646  INFO 25968 --- [main] o.s.b.w.embedded.tomcat.TomcatWebServer  : Tomcat initialized with port(s): 8080 (http)
2026-08-02 01:44:58.653  INFO 25968 --- [main] o.apache.catalina.core.StandardService   : Starting service [Tomcat]
2026-08-02 01:44:58.653  INFO 25968 --- [main] org.apache.catalina.core.StandardEngine  : Starting Servlet engine: [Apache Tomcat/9.0.82]
2026-08-02 01:44:58.737  INFO 25968 --- [main] o.a.c.c.C.[Tomcat].[localhost].[/]       : Initializing Spring embedded WebApplicationContext
2026-08-02 01:44:58.737  INFO 25968 --- [main] w.s.c.ServletWebServerApplicationContext : Root WebApplicationContext: initialization completed in 1092 ms
2026-08-02 01:44:58.833  INFO 25968 --- [main] c.a.d.s.b.a.DruidDataSourceAutoConfigure : Init DruidDataSource
2026-08-02 01:44:58.913  INFO 25968 --- [main] com.alibaba.druid.pool.DruidDataSource   : {dataSource-1} inited
2026-08-02 01:44:59.088  INFO 25968 --- [main] com.sky.config.WebMvcConfiguration       : 准备生成接口文档..
2026-08-02 01:44:59.146  INFO 25968 --- [main] com.sky.config.WebMvcConfiguration       : 开始注册自定义拦截器...
2026-08-02 01:44:59.202  INFO 25968 --- [main] com.sky.config.WebMvcConfiguration       : 扩展消息转换器已启动
2026-08-02 01:44:59.206  INFO 25968 --- [main] com.sky.config.WebMvcConfiguration       : 开始设置静态资源映射
2026-08-02 01:44:59.654  INFO 25968 --- [main] o.s.b.w.embedded.tomcat.TomcatWebServer  : Tomcat started on port(s): 8080 (http) with context path ''
2026-08-02 01:44:59.790  INFO 25968 --- [main] com.sky.SkyApplication                   : server started
2026-08-02 01:45:17.352  INFO 25968 --- [http-nio-8080-exec-1] o.a.c.c.C.[Tomcat].[localhost].[/]       : Initializing Spring DispatcherServlet 'dispatcherServlet'
2026-08-02 01:45:17.353  INFO 25968 --- [http-nio-8080-exec-1] o.s.web.servlet.DispatcherServlet        : Initializing Servlet 'dispatcherServlet'
2026-08-02 01:45:17.354  INFO 25968 --- [http-nio-8080-exec-1] o.s.web.servlet.DispatcherServlet        : Completed initialization in 1 ms
2026-08-02 01:45:17.365  WARN 25968 --- [http-nio-8080-exec-1] o.s.web.servlet.PageNotFound             : No mapping for GET /doc
2026-08-02 01:45:47.055  INFO 25968 --- [http-nio-8080-exec-3] c.s.controller.admin.EmployeeController  : 员工登录：EmployeeLoginDTO(username=admin, password=123456)
2026-08-02 01:45:47.177 DEBUG 25968 --- [http-nio-8080-exec-3] c.s.mapper.EmployeeMapper.getByUsername  : ==>  Preparing: select * from employee where username = ?
2026-08-02 01:45:47.195 DEBUG 25968 --- [http-nio-8080-exec-3] c.s.mapper.EmployeeMapper.getByUsername  : ==> Parameters: admin(String)
2026-08-02 01:45:47.215 DEBUG 25968 --- [http-nio-8080-exec-3] c.s.mapper.EmployeeMapper.getByUsername  : <==      Total: 1
2026-08-02 01:46:52.712  INFO 25968 --- [http-nio-8080-exec-1] c.s.i.JwtTokenAdminInterceptor           : jwt校验:eyJhbGciOiJIUzI1NiJ9.eyJlbXBJZCI6MSwiZXhwIjoxNzg2MjExMTQ3fQ.BCFRvjnDB6T-p0J01Jz5I3xJ8JDVQLjzjG9WTHnbRnE
2026-08-02 01:46:52.734  INFO 25968 --- [http-nio-8080-exec-1] c.s.i.JwtTokenAdminInterceptor           : 当前员工id：
2026-08-02 01:46:52.736  INFO 25968 --- [http-nio-8080-exec-1] c.s.controller.admin.EmployeeController  : 启用或禁用员工账户：0,2
2026-08-02 01:46:52.770 ERROR 25968 --- [http-nio-8080-exec-1] c.a.druid.pool.DruidAbstractDataSource   : discard long time none received connection. , jdbcUrl : jdbc:mysql://localhost:3306/sky_take_out?serverTimezone=Asia/Shanghai&useUnicode=true&characterEncoding=utf-8&zeroDateTimeBehavior=convertToNull&useSSL=false&allowPublicKeyRetrieval=true, jdbcUrl : jdbc:mysql://localhost:3306/sky_take_out?serverTimezone=Asia/Shanghai&useUnicode=true&characterEncoding=utf-8&zeroDateTimeBehavior=convertToNull&useSSL=false&allowPublicKeyRetrieval=true, lastPacketReceivedIdleMillis : 65562
2026-08-02 01:46:52.772 DEBUG 25968 --- [http-nio-8080-exec-1] com.sky.mapper.EmployeeMapper.update     : ==>  Preparing: update employee where id = ?
2026-08-02 01:46:52.773 DEBUG 25968 --- [http-nio-8080-exec-1] com.sky.mapper.EmployeeMapper.update     : ==> Parameters: 2(Long)
2026-08-02 01:46:52.833 ERROR 25968 --- [http-nio-8080-exec-1] o.a.c.c.C.[.[.[/].[dispatcherServlet]    : Servlet.service() for servlet [dispatcherServlet] in context with path [] threw exception [Request processing failed; nested exception is org.springframework.jdbc.BadSqlGrammarException: 
### Error updating database.  Cause: java.sql.SQLSyntaxErrorException: You have an error in your SQL syntax; check the manual that corresponds to your MySQL server version for the right syntax to use near 'where id = 2' at line 3
### The error may exist in file [D:\Program Files\Java_Develop_Program\JavaProjects\sky-take-out\sky-server\target\classes\mapper\EmployeeMapper.xml]
### The error may involve com.sky.mapper.EmployeeMapper.update-Inline
### The error occurred while setting parameters
### SQL: update employee                    where id = ?
### Cause: java.sql.SQLSyntaxErrorException: You have an error in your SQL syntax; check the manual that corresponds to your MySQL server version for the right syntax to use near 'where id = 2' at line 3
; bad SQL grammar []; nested exception is java.sql.SQLSyntaxErrorException: You have an error in your SQL syntax; check the manual that corresponds to your MySQL server version for the right syntax to use near 'where id = 2' at line 3] with root cause

java.sql.SQLSyntaxErrorException: You have an error in your SQL syntax; check the manual that corresponds to your MySQL server version for the right syntax to use near 'where id = 2' at line 3
	at com.mysql.cj.jdbc.exceptions.SQLError.createSQLException(SQLError.java:121) ~[mysql-connector-j-8.0.33.jar:8.0.33]
	at com.mysql.cj.jdbc.exceptions.SQLExceptionsMapping.translateException(SQLExceptionsMapping.java:122) ~[mysql-connector-j-8.0.33.jar:8.0.33]
	at com.mysql.cj.jdbc.ClientPreparedStatement.executeInternal(ClientPreparedStatement.java:916) ~[mysql-connector-j-8.0.33.jar:8.0.33]
	at com.mysql.cj.jdbc.ClientPreparedStatement.execute(ClientPreparedStatement.java:354) ~[mysql-connector-j-8.0.33.jar:8.0.33]
	at com.alibaba.druid.pool.DruidPooledPreparedStatement.execute(DruidPooledPreparedStatement.java:497) ~[druid-1.2.1.jar:1.2.1]
	at java.base/jdk.internal.reflect.DirectMethodHandleAccessor.invoke(DirectMethodHandleAccessor.java:103) ~[na:na]
	at java.base/java.lang.reflect.Method.invoke(Method.java:580) ~[na:na]
	at org.apache.ibatis.logging.jdbc.PreparedStatementLogger.invoke(PreparedStatementLogger.java:59) ~[mybatis-3.5.7.jar:3.5.7]
	at jdk.proxy3/jdk.proxy3.$Proxy122.execute(Unknown Source) ~[na:na]
	at org.apache.ibatis.executor.statement.PreparedStatementHandler.update(PreparedStatementHandler.java:47) ~[mybatis-3.5.7.jar:3.5.7]
	at org.apache.ibatis.executor.statement.RoutingStatementHandler.update(RoutingStatementHandler.java:74) ~[mybatis-3.5.7.jar:3.5.7]
	at org.apache.ibatis.executor.SimpleExecutor.doUpdate(SimpleExecutor.java:50) ~[mybatis-3.5.7.jar:3.5.7]
	at org.apache.ibatis.executor.BaseExecutor.update(BaseExecutor.java:117) ~[mybatis-3.5.7.jar:3.5.7]
	at org.apache.ibatis.executor.CachingExecutor.update(CachingExecutor.java:76) ~[mybatis-3.5.7.jar:3.5.7]
	at java.base/jdk.internal.reflect.DirectMethodHandleAccessor.invoke(DirectMethodHandleAccessor.java:103) ~[na:na]
	at java.base/java.lang.reflect.Method.invoke(Method.java:580) ~[na:na]
	at org.apache.ibatis.plugin.Plugin.invoke(Plugin.java:64) ~[mybatis-3.5.7.jar:3.5.7]
	at jdk.proxy2/jdk.proxy2.$Proxy120.update(Unknown Source) ~[na:na]
	at org.apache.ibatis.session.defaults.DefaultSqlSession.update(DefaultSqlSession.java:194) ~[mybatis-3.5.7.jar:3.5.7]
	at java.base/jdk.internal.reflect.DirectMethodHandleAccessor.invoke(DirectMethodHandleAccessor.java:103) ~[na:na]
	at java.base/java.lang.reflect.Method.invoke(Method.java:580) ~[na:na]
	at org.mybatis.spring.SqlSessionTemplate$SqlSessionInterceptor.invoke(SqlSessionTemplate.java:427) ~[mybatis-spring-2.0.6.jar:2.0.6]
	at jdk.proxy2/jdk.proxy2.$Proxy81.update(Unknown Source) ~[na:na]
	at org.mybatis.spring.SqlSessionTemplate.update(SqlSessionTemplate.java:288) ~[mybatis-spring-2.0.6.jar:2.0.6]
	at org.apache.ibatis.binding.MapperMethod.execute(MapperMethod.java:67) ~[mybatis-3.5.7.jar:3.5.7]
	at org.apache.ibatis.binding.MapperProxy$PlainMethodInvoker.invoke(MapperProxy.java:145) ~[mybatis-3.5.7.jar:3.5.7]
	at org.apache.ibatis.binding.MapperProxy.invoke(MapperProxy.java:86) ~[mybatis-3.5.7.jar:3.5.7]
	at jdk.proxy2/jdk.proxy2.$Proxy82.update(Unknown Source) ~[na:na]
	at com.sky.service.impl.EmployeeServiceImpl.StartOrStop(EmployeeServiceImpl.java:115) ~[classes/:na]
	at com.sky.controller.admin.EmployeeController.StartOrStop(EmployeeController.java:129) ~[classes/:na]
	at java.base/jdk.internal.reflect.DirectMethodHandleAccessor.invoke(DirectMethodHandleAccessor.java:103) ~[na:na]
	at java.base/java.lang.reflect.Method.invoke(Method.java:580) ~[na:na]
	at org.springframework.web.method.support.InvocableHandlerMethod.doInvoke(InvocableHandlerMethod.java:205) ~[spring-web-5.3.30.jar:5.3.30]
	at org.springframework.web.method.support.InvocableHandlerMethod.invokeForRequest(InvocableHandlerMethod.java:150) ~[spring-web-5.3.30.jar:5.3.30]
	at org.springframework.web.servlet.mvc.method.annotation.ServletInvocableHandlerMethod.invokeAndHandle(ServletInvocableHandlerMethod.java:117) ~[spring-webmvc-5.3.30.jar:5.3.30]
	at org.springframework.web.servlet.mvc.method.annotation.RequestMappingHandlerAdapter.invokeHandlerMethod(RequestMappingHandlerAdapter.java:895) ~[spring-webmvc-5.3.30.jar:5.3.30]
	at org.springframework.web.servlet.mvc.method.annotation.RequestMappingHandlerAdapter.handleInternal(RequestMappingHandlerAdapter.java:808) ~[spring-webmvc-5.3.30.jar:5.3.30]
	at org.springframework.web.servlet.mvc.method.AbstractHandlerMethodAdapter.handle(AbstractHandlerMethodAdapter.java:87) ~[spring-webmvc-5.3.30.jar:5.3.30]
	at org.springframework.web.servlet.DispatcherServlet.doDispatch(DispatcherServlet.java:1072) ~[spring-webmvc-5.3.30.jar:5.3.30]
	at org.springframework.web.servlet.DispatcherServlet.doService(DispatcherServlet.java:965) ~[spring-webmvc-5.3.30.jar:5.3.30]
	at org.springframework.web.servlet.FrameworkServlet.processRequest(FrameworkServlet.java:1006) ~[spring-webmvc-5.3.30.jar:5.3.30]
	at org.springframework.web.servlet.FrameworkServlet.doPost(FrameworkServlet.java:909) ~[spring-webmvc-5.3.30.jar:5.3.30]
	at javax.servlet.http.HttpServlet.service(HttpServlet.java:555) ~[tomcat-embed-core-9.0.82.jar:4.0.FR]
	at org.springframework.web.servlet.FrameworkServlet.service(FrameworkServlet.java:883) ~[spring-webmvc-5.3.30.jar:5.3.30]
	at javax.servlet.http.HttpServlet.service(HttpServlet.java:623) ~[tomcat-embed-core-9.0.82.jar:4.0.FR]
	at org.apache.catalina.core.ApplicationFilterChain.internalDoFilter(ApplicationFilterChain.java:209) ~[tomcat-embed-core-9.0.82.jar:9.0.82]
	at org.apache.catalina.core.ApplicationFilterChain.doFilter(ApplicationFilterChain.java:153) ~[tomcat-embed-core-9.0.82.jar:9.0.82]
	at org.apache.tomcat.websocket.server.WsFilter.doFilter(WsFilter.java:51) ~[tomcat-embed-websocket-9.0.82.jar:9.0.82]
	at org.apache.catalina.core.ApplicationFilterChain.internalDoFilter(ApplicationFilterChain.java:178) ~[tomcat-embed-core-9.0.82.jar:9.0.82]
	at org.apache.catalina.core.ApplicationFilterChain.doFilter(ApplicationFilterChain.java:153) ~[tomcat-embed-core-9.0.82.jar:9.0.82]
	at org.springframework.web.filter.CharacterEncodingFilter.doFilterInternal(CharacterEncodingFilter.java:201) ~[spring-web-5.3.30.jar:5.3.30]
	at org.springframework.web.filter.OncePerRequestFilter.doFilter(OncePerRequestFilter.java:117) ~[spring-web-5.3.30.jar:5.3.30]
	at org.apache.catalina.core.ApplicationFilterChain.internalDoFilter(ApplicationFilterChain.java:178) ~[tomcat-embed-core-9.0.82.jar:9.0.82]
	at org.apache.catalina.core.ApplicationFilterChain.doFilter(ApplicationFilterChain.java:153) ~[tomcat-embed-core-9.0.82.jar:9.0.82]
	at org.apache.catalina.core.StandardWrapperValve.invoke(StandardWrapperValve.java:168) ~[tomcat-embed-core-9.0.82.jar:9.0.82]
	at org.apache.catalina.core.StandardContextValve.invoke(StandardContextValve.java:90) ~[tomcat-embed-core-9.0.82.jar:9.0.82]
	at org.apache.catalina.authenticator.AuthenticatorBase.invoke(AuthenticatorBase.java:481) ~[tomcat-embed-core-9.0.82.jar:9.0.82]
	at org.apache.catalina.core.StandardHostValve.invoke(StandardHostValve.java:130) ~[tomcat-embed-core-9.0.82.jar:9.0.82]
	at org.apache.catalina.valves.ErrorReportValve.invoke(ErrorReportValve.java:93) ~[tomcat-embed-core-9.0.82.jar:9.0.82]
	at org.apache.catalina.core.StandardEngineValve.invoke(StandardEngineValve.java:74) ~[tomcat-embed-core-9.0.82.jar:9.0.82]
	at org.apache.catalina.connector.CoyoteAdapter.service(CoyoteAdapter.java:342) ~[tomcat-embed-core-9.0.82.jar:9.0.82]
	at org.apache.coyote.http11.Http11Processor.service(Http11Processor.java:390) ~[tomcat-embed-core-9.0.82.jar:9.0.82]
	at org.apache.coyote.AbstractProcessorLight.process(AbstractProcessorLight.java:63) ~[tomcat-embed-core-9.0.82.jar:9.0.82]
	at org.apache.coyote.AbstractProtocol$ConnectionHandler.process(AbstractProtocol.java:928) ~[tomcat-embed-core-9.0.82.jar:9.0.82]
	at org.apache.tomcat.util.net.NioEndpoint$SocketProcessor.doRun(NioEndpoint.java:1794) ~[tomcat-embed-core-9.0.82.jar:9.0.82]
	at org.apache.tomcat.util.net.SocketProcessorBase.run(SocketProcessorBase.java:52) ~[tomcat-embed-core-9.0.82.jar:9.0.82]
	at org.apache.tomcat.util.threads.ThreadPoolExecutor.runWorker(ThreadPoolExecutor.java:1191) ~[tomcat-embed-core-9.0.82.jar:9.0.82]
	at org.apache.tomcat.util.threads.ThreadPoolExecutor$Worker.run(ThreadPoolExecutor.java:659) ~[tomcat-embed-core-9.0.82.jar:9.0.82]
	at org.apache.tomcat.util.threads.TaskThread$WrappingRunnable.run(TaskThread.java:61) ~[tomcat-embed-core-9.0.82.jar:9.0.82]
	at java.base/java.lang.Thread.run(Thread.java:1583) ~[na:na]

2026-08-02 01:49:28.847  INFO 25968 --- [SpringApplicationShutdownHook] com.alibaba.druid.pool.DruidDataSource   : {dataSource-1} closing ...
2026-08-02 01:49:28.851  INFO 25968 --- [SpringApplicationShutdownHook] com.alibaba.druid.pool.DruidDataSource   : {dataSource-1} closed
2026-08-02 01:49:31.939  INFO 25724 --- [main] .s.d.r.c.RepositoryConfigurationDelegate : Multiple Spring Data modules found, entering strict repository configuration mode
2026-08-02 01:49:31.943  INFO 25724 --- [main] .s.d.r.c.RepositoryConfigurationDelegate : Bootstrapping Spring Data Redis repositories in DEFAULT mode.
2026-08-02 01:49:31.962  INFO 25724 --- [main] .s.d.r.c.RepositoryConfigurationDelegate : Finished Spring Data repository scanning in 10 ms. Found 0 Redis repository interfaces.
2026-08-02 01:49:32.401  INFO 25724 --- [main] o.s.b.w.embedded.tomcat.TomcatWebServer  : Tomcat initialized with port(s): 8080 (http)
2026-08-02 01:49:32.407  INFO 25724 --- [main] o.apache.catalina.core.StandardService   : Starting service [Tomcat]
2026-08-02 01:49:32.408  INFO 25724 --- [main] org.apache.catalina.core.StandardEngine  : Starting Servlet engine: [Apache Tomcat/9.0.82]
2026-08-02 01:49:32.492  INFO 25724 --- [main] o.a.c.c.C.[Tomcat].[localhost].[/]       : Initializing Spring embedded WebApplicationContext
2026-08-02 01:49:32.492  INFO 25724 --- [main] w.s.c.ServletWebServerApplicationContext : Root WebApplicationContext: initialization completed in 1067 ms
2026-08-02 01:49:32.590  INFO 25724 --- [main] c.a.d.s.b.a.DruidDataSourceAutoConfigure : Init DruidDataSource
2026-08-02 01:49:32.671  INFO 25724 --- [main] com.alibaba.druid.pool.DruidDataSource   : {dataSource-1} inited
2026-08-02 01:49:32.854  INFO 25724 --- [main] com.sky.config.WebMvcConfiguration       : 准备生成接口文档..
2026-08-02 01:49:32.918  INFO 25724 --- [main] com.sky.config.WebMvcConfiguration       : 开始注册自定义拦截器...
2026-08-02 01:49:32.970  INFO 25724 --- [main] com.sky.config.WebMvcConfiguration       : 扩展消息转换器已启动
2026-08-02 01:49:32.973  INFO 25724 --- [main] com.sky.config.WebMvcConfiguration       : 开始设置静态资源映射
2026-08-02 01:49:33.409  INFO 25724 --- [main] o.s.b.w.embedded.tomcat.TomcatWebServer  : Tomcat started on port(s): 8080 (http) with context path ''
2026-08-02 01:49:33.550  INFO 25724 --- [main] com.sky.SkyApplication                   : server started
2026-08-02 01:49:40.028  INFO 25724 --- [http-nio-8080-exec-1] o.a.c.c.C.[Tomcat].[localhost].[/]       : Initializing Spring DispatcherServlet 'dispatcherServlet'
2026-08-02 01:49:40.029  INFO 25724 --- [http-nio-8080-exec-1] o.s.web.servlet.DispatcherServlet        : Initializing Servlet 'dispatcherServlet'
2026-08-02 01:49:40.030  INFO 25724 --- [http-nio-8080-exec-1] o.s.web.servlet.DispatcherServlet        : Completed initialization in 1 ms
2026-08-02 01:49:40.042  INFO 25724 --- [http-nio-8080-exec-1] c.s.i.JwtTokenAdminInterceptor           : jwt校验:eyJhbGciOiJIUzI1NiJ9.eyJlbXBJZCI6MSwiZXhwIjoxNzg2MjExMTQ3fQ.BCFRvjnDB6T-p0J01Jz5I3xJ8JDVQLjzjG9WTHnbRnE
2026-08-02 01:49:40.109  INFO 25724 --- [http-nio-8080-exec-1] c.s.i.JwtTokenAdminInterceptor           : 当前员工id：
2026-08-02 01:49:40.119  INFO 25724 --- [http-nio-8080-exec-1] c.s.controller.admin.EmployeeController  : 启用或禁用员工账户：0,2
2026-08-02 01:49:40.263 DEBUG 25724 --- [http-nio-8080-exec-1] com.sky.mapper.EmployeeMapper.update     : ==>  Preparing: update employee where id = ?
2026-08-02 01:49:40.280 DEBUG 25724 --- [http-nio-8080-exec-1] com.sky.mapper.EmployeeMapper.update     : ==> Parameters: 2(Long)
2026-08-02 01:49:40.338 ERROR 25724 --- [http-nio-8080-exec-1] o.a.c.c.C.[.[.[/].[dispatcherServlet]    : Servlet.service() for servlet [dispatcherServlet] in context with path [] threw exception [Request processing failed; nested exception is org.springframework.jdbc.BadSqlGrammarException: 
### Error updating database.  Cause: java.sql.SQLSyntaxErrorException: You have an error in your SQL syntax; check the manual that corresponds to your MySQL server version for the right syntax to use near 'where id = 2' at line 3
### The error may exist in file [D:\Program Files\Java_Develop_Program\JavaProjects\sky-take-out\sky-server\target\classes\mapper\EmployeeMapper.xml]
### The error may involve com.sky.mapper.EmployeeMapper.update-Inline
### The error occurred while setting parameters
### SQL: update employee                    where id = ?
### Cause: java.sql.SQLSyntaxErrorException: You have an error in your SQL syntax; check the manual that corresponds to your MySQL server version for the right syntax to use near 'where id = 2' at line 3
; bad SQL grammar []; nested exception is java.sql.SQLSyntaxErrorException: You have an error in your SQL syntax; check the manual that corresponds to your MySQL server version for the right syntax to use near 'where id = 2' at line 3] with root cause

java.sql.SQLSyntaxErrorException: You have an error in your SQL syntax; check the manual that corresponds to your MySQL server version for the right syntax to use near 'where id = 2' at line 3
	at com.mysql.cj.jdbc.exceptions.SQLError.createSQLException(SQLError.java:121) ~[mysql-connector-j-8.0.33.jar:8.0.33]
	at com.mysql.cj.jdbc.exceptions.SQLExceptionsMapping.translateException(SQLExceptionsMapping.java:122) ~[mysql-connector-j-8.0.33.jar:8.0.33]
	at com.mysql.cj.jdbc.ClientPreparedStatement.executeInternal(ClientPreparedStatement.java:916) ~[mysql-connector-j-8.0.33.jar:8.0.33]
	at com.mysql.cj.jdbc.ClientPreparedStatement.execute(ClientPreparedStatement.java:354) ~[mysql-connector-j-8.0.33.jar:8.0.33]
	at com.alibaba.druid.pool.DruidPooledPreparedStatement.execute(DruidPooledPreparedStatement.java:497) ~[druid-1.2.1.jar:1.2.1]
	at java.base/jdk.internal.reflect.DirectMethodHandleAccessor.invoke(DirectMethodHandleAccessor.java:103) ~[na:na]
	at java.base/java.lang.reflect.Method.invoke(Method.java:580) ~[na:na]
	at org.apache.ibatis.logging.jdbc.PreparedStatementLogger.invoke(PreparedStatementLogger.java:59) ~[mybatis-3.5.7.jar:3.5.7]
	at jdk.proxy3/jdk.proxy3.$Proxy106.execute(Unknown Source) ~[na:na]
	at org.apache.ibatis.executor.statement.PreparedStatementHandler.update(PreparedStatementHandler.java:47) ~[mybatis-3.5.7.jar:3.5.7]
	at org.apache.ibatis.executor.statement.RoutingStatementHandler.update(RoutingStatementHandler.java:74) ~[mybatis-3.5.7.jar:3.5.7]
	at org.apache.ibatis.executor.SimpleExecutor.doUpdate(SimpleExecutor.java:50) ~[mybatis-3.5.7.jar:3.5.7]
	at org.apache.ibatis.executor.BaseExecutor.update(BaseExecutor.java:117) ~[mybatis-3.5.7.jar:3.5.7]
	at org.apache.ibatis.executor.CachingExecutor.update(CachingExecutor.java:76) ~[mybatis-3.5.7.jar:3.5.7]
	at java.base/jdk.internal.reflect.DirectMethodHandleAccessor.invoke(DirectMethodHandleAccessor.java:103) ~[na:na]
	at java.base/java.lang.reflect.Method.invoke(Method.java:580) ~[na:na]
	at org.apache.ibatis.plugin.Plugin.invoke(Plugin.java:64) ~[mybatis-3.5.7.jar:3.5.7]
	at jdk.proxy2/jdk.proxy2.$Proxy104.update(Unknown Source) ~[na:na]
	at org.apache.ibatis.session.defaults.DefaultSqlSession.update(DefaultSqlSession.java:194) ~[mybatis-3.5.7.jar:3.5.7]
	at java.base/jdk.internal.reflect.DirectMethodHandleAccessor.invoke(DirectMethodHandleAccessor.java:103) ~[na:na]
	at java.base/java.lang.reflect.Method.invoke(Method.java:580) ~[na:na]
	at org.mybatis.spring.SqlSessionTemplate$SqlSessionInterceptor.invoke(SqlSessionTemplate.java:427) ~[mybatis-spring-2.0.6.jar:2.0.6]
	at jdk.proxy2/jdk.proxy2.$Proxy81.update(Unknown Source) ~[na:na]
	at org.mybatis.spring.SqlSessionTemplate.update(SqlSessionTemplate.java:288) ~[mybatis-spring-2.0.6.jar:2.0.6]
	at org.apache.ibatis.binding.MapperMethod.execute(MapperMethod.java:67) ~[mybatis-3.5.7.jar:3.5.7]
	at org.apache.ibatis.binding.MapperProxy$PlainMethodInvoker.invoke(MapperProxy.java:145) ~[mybatis-3.5.7.jar:3.5.7]
	at org.apache.ibatis.binding.MapperProxy.invoke(MapperProxy.java:86) ~[mybatis-3.5.7.jar:3.5.7]
	at jdk.proxy2/jdk.proxy2.$Proxy82.update(Unknown Source) ~[na:na]
	at com.sky.service.impl.EmployeeServiceImpl.StartOrStop(EmployeeServiceImpl.java:115) ~[classes/:na]
	at com.sky.controller.admin.EmployeeController.StartOrStop(EmployeeController.java:129) ~[classes/:na]
	at java.base/jdk.internal.reflect.DirectMethodHandleAccessor.invoke(DirectMethodHandleAccessor.java:103) ~[na:na]
	at java.base/java.lang.reflect.Method.invoke(Method.java:580) ~[na:na]
	at org.springframework.web.method.support.InvocableHandlerMethod.doInvoke(InvocableHandlerMethod.java:205) ~[spring-web-5.3.30.jar:5.3.30]
	at org.springframework.web.method.support.InvocableHandlerMethod.invokeForRequest(InvocableHandlerMethod.java:150) ~[spring-web-5.3.30.jar:5.3.30]
	at org.springframework.web.servlet.mvc.method.annotation.ServletInvocableHandlerMethod.invokeAndHandle(ServletInvocableHandlerMethod.java:117) ~[spring-webmvc-5.3.30.jar:5.3.30]
	at org.springframework.web.servlet.mvc.method.annotation.RequestMappingHandlerAdapter.invokeHandlerMethod(RequestMappingHandlerAdapter.java:895) ~[spring-webmvc-5.3.30.jar:5.3.30]
	at org.springframework.web.servlet.mvc.method.annotation.RequestMappingHandlerAdapter.handleInternal(RequestMappingHandlerAdapter.java:808) ~[spring-webmvc-5.3.30.jar:5.3.30]
	at org.springframework.web.servlet.mvc.method.AbstractHandlerMethodAdapter.handle(AbstractHandlerMethodAdapter.java:87) ~[spring-webmvc-5.3.30.jar:5.3.30]
	at org.springframework.web.servlet.DispatcherServlet.doDispatch(DispatcherServlet.java:1072) ~[spring-webmvc-5.3.30.jar:5.3.30]
	at org.springframework.web.servlet.DispatcherServlet.doService(DispatcherServlet.java:965) ~[spring-webmvc-5.3.30.jar:5.3.30]
	at org.springframework.web.servlet.FrameworkServlet.processRequest(FrameworkServlet.java:1006) ~[spring-webmvc-5.3.30.jar:5.3.30]
	at org.springframework.web.servlet.FrameworkServlet.doPost(FrameworkServlet.java:909) ~[spring-webmvc-5.3.30.jar:5.3.30]
	at javax.servlet.http.HttpServlet.service(HttpServlet.java:555) ~[tomcat-embed-core-9.0.82.jar:4.0.FR]
	at org.springframework.web.servlet.FrameworkServlet.service(FrameworkServlet.java:883) ~[spring-webmvc-5.3.30.jar:5.3.30]
	at javax.servlet.http.HttpServlet.service(HttpServlet.java:623) ~[tomcat-embed-core-9.0.82.jar:4.0.FR]
	at org.apache.catalina.core.ApplicationFilterChain.internalDoFilter(ApplicationFilterChain.java:209) ~[tomcat-embed-core-9.0.82.jar:9.0.82]
	at org.apache.catalina.core.ApplicationFilterChain.doFilter(ApplicationFilterChain.java:153) ~[tomcat-embed-core-9.0.82.jar:9.0.82]
	at org.apache.tomcat.websocket.server.WsFilter.doFilter(WsFilter.java:51) ~[tomcat-embed-websocket-9.0.82.jar:9.0.82]
	at org.apache.catalina.core.ApplicationFilterChain.internalDoFilter(ApplicationFilterChain.java:178) ~[tomcat-embed-core-9.0.82.jar:9.0.82]
	at org.apache.catalina.core.ApplicationFilterChain.doFilter(ApplicationFilterChain.java:153) ~[tomcat-embed-core-9.0.82.jar:9.0.82]
	at org.springframework.web.filter.CharacterEncodingFilter.doFilterInternal(CharacterEncodingFilter.java:201) ~[spring-web-5.3.30.jar:5.3.30]
	at org.springframework.web.filter.OncePerRequestFilter.doFilter(OncePerRequestFilter.java:117) ~[spring-web-5.3.30.jar:5.3.30]
	at org.apache.catalina.core.ApplicationFilterChain.internalDoFilter(ApplicationFilterChain.java:178) ~[tomcat-embed-core-9.0.82.jar:9.0.82]
	at org.apache.catalina.core.ApplicationFilterChain.doFilter(ApplicationFilterChain.java:153) ~[tomcat-embed-core-9.0.82.jar:9.0.82]
	at org.apache.catalina.core.StandardWrapperValve.invoke(StandardWrapperValve.java:168) ~[tomcat-embed-core-9.0.82.jar:9.0.82]
	at org.apache.catalina.core.StandardContextValve.invoke(StandardContextValve.java:90) ~[tomcat-embed-core-9.0.82.jar:9.0.82]
	at org.apache.catalina.authenticator.AuthenticatorBase.invoke(AuthenticatorBase.java:481) ~[tomcat-embed-core-9.0.82.jar:9.0.82]
	at org.apache.catalina.core.StandardHostValve.invoke(StandardHostValve.java:130) ~[tomcat-embed-core-9.0.82.jar:9.0.82]
	at org.apache.catalina.valves.ErrorReportValve.invoke(ErrorReportValve.java:93) ~[tomcat-embed-core-9.0.82.jar:9.0.82]
	at org.apache.catalina.core.StandardEngineValve.invoke(StandardEngineValve.java:74) ~[tomcat-embed-core-9.0.82.jar:9.0.82]
	at org.apache.catalina.connector.CoyoteAdapter.service(CoyoteAdapter.java:342) ~[tomcat-embed-core-9.0.82.jar:9.0.82]
	at org.apache.coyote.http11.Http11Processor.service(Http11Processor.java:390) ~[tomcat-embed-core-9.0.82.jar:9.0.82]
	at org.apache.coyote.AbstractProcessorLight.process(AbstractProcessorLight.java:63) ~[tomcat-embed-core-9.0.82.jar:9.0.82]
	at org.apache.coyote.AbstractProtocol$ConnectionHandler.process(AbstractProtocol.java:928) ~[tomcat-embed-core-9.0.82.jar:9.0.82]
	at org.apache.tomcat.util.net.NioEndpoint$SocketProcessor.doRun(NioEndpoint.java:1794) ~[tomcat-embed-core-9.0.82.jar:9.0.82]
	at org.apache.tomcat.util.net.SocketProcessorBase.run(SocketProcessorBase.java:52) ~[tomcat-embed-core-9.0.82.jar:9.0.82]
	at org.apache.tomcat.util.threads.ThreadPoolExecutor.runWorker(ThreadPoolExecutor.java:1191) ~[tomcat-embed-core-9.0.82.jar:9.0.82]
	at org.apache.tomcat.util.threads.ThreadPoolExecutor$Worker.run(ThreadPoolExecutor.java:659) ~[tomcat-embed-core-9.0.82.jar:9.0.82]
	at org.apache.tomcat.util.threads.TaskThread$WrappingRunnable.run(TaskThread.java:61) ~[tomcat-embed-core-9.0.82.jar:9.0.82]
	at java.base/java.lang.Thread.run(Thread.java:1583) ~[na:na]

2026-08-02 01:51:49.953  INFO 25724 --- [SpringApplicationShutdownHook] com.alibaba.druid.pool.DruidDataSource   : {dataSource-1} closing ...
2026-08-02 01:51:49.957  INFO 25724 --- [SpringApplicationShutdownHook] com.alibaba.druid.pool.DruidDataSource   : {dataSource-1} closed
2026-08-02 01:51:52.280  INFO 14964 --- [main] .s.d.r.c.RepositoryConfigurationDelegate : Multiple Spring Data modules found, entering strict repository configuration mode
2026-08-02 01:51:52.284  INFO 14964 --- [main] .s.d.r.c.RepositoryConfigurationDelegate : Bootstrapping Spring Data Redis repositories in DEFAULT mode.
2026-08-02 01:51:52.304  INFO 14964 --- [main] .s.d.r.c.RepositoryConfigurationDelegate : Finished Spring Data repository scanning in 10 ms. Found 0 Redis repository interfaces.
2026-08-02 01:51:52.733  INFO 14964 --- [main] o.s.b.w.embedded.tomcat.TomcatWebServer  : Tomcat initialized with port(s): 8080 (http)
2026-08-02 01:51:52.739  INFO 14964 --- [main] o.apache.catalina.core.StandardService   : Starting service [Tomcat]
2026-08-02 01:51:52.739  INFO 14964 --- [main] org.apache.catalina.core.StandardEngine  : Starting Servlet engine: [Apache Tomcat/9.0.82]
2026-08-02 01:51:52.824  INFO 14964 --- [main] o.a.c.c.C.[Tomcat].[localhost].[/]       : Initializing Spring embedded WebApplicationContext
2026-08-02 01:51:52.824  INFO 14964 --- [main] w.s.c.ServletWebServerApplicationContext : Root WebApplicationContext: initialization completed in 1085 ms
2026-08-02 01:51:52.918  INFO 14964 --- [main] c.a.d.s.b.a.DruidDataSourceAutoConfigure : Init DruidDataSource
2026-08-02 01:51:52.998  INFO 14964 --- [main] com.alibaba.druid.pool.DruidDataSource   : {dataSource-1} inited
2026-08-02 01:51:53.169  INFO 14964 --- [main] com.sky.config.WebMvcConfiguration       : 准备生成接口文档..
2026-08-02 01:51:53.227  INFO 14964 --- [main] com.sky.config.WebMvcConfiguration       : 开始注册自定义拦截器...
2026-08-02 01:51:53.276  INFO 14964 --- [main] com.sky.config.WebMvcConfiguration       : 扩展消息转换器已启动
2026-08-02 01:51:53.279  INFO 14964 --- [main] com.sky.config.WebMvcConfiguration       : 开始设置静态资源映射
2026-08-02 01:51:53.704  INFO 14964 --- [main] o.s.b.w.embedded.tomcat.TomcatWebServer  : Tomcat started on port(s): 8080 (http) with context path ''
2026-08-02 01:51:53.840  INFO 14964 --- [main] com.sky.SkyApplication                   : server started
2026-08-02 01:51:59.082  INFO 14964 --- [http-nio-8080-exec-1] o.a.c.c.C.[Tomcat].[localhost].[/]       : Initializing Spring DispatcherServlet 'dispatcherServlet'
2026-08-02 01:51:59.082  INFO 14964 --- [http-nio-8080-exec-1] o.s.web.servlet.DispatcherServlet        : Initializing Servlet 'dispatcherServlet'
2026-08-02 01:51:59.083  INFO 14964 --- [http-nio-8080-exec-1] o.s.web.servlet.DispatcherServlet        : Completed initialization in 1 ms
2026-08-02 01:51:59.093  INFO 14964 --- [http-nio-8080-exec-1] c.s.i.JwtTokenAdminInterceptor           : jwt校验:eyJhbGciOiJIUzI1NiJ9.eyJlbXBJZCI6MSwiZXhwIjoxNzg2MjExMTQ3fQ.BCFRvjnDB6T-p0J01Jz5I3xJ8JDVQLjzjG9WTHnbRnE
2026-08-02 01:51:59.164  INFO 14964 --- [http-nio-8080-exec-1] c.s.i.JwtTokenAdminInterceptor           : 当前员工id：
2026-08-02 01:51:59.174  INFO 14964 --- [http-nio-8080-exec-1] c.s.controller.admin.EmployeeController  : 启用或禁用员工账户：0,2
2026-08-02 01:51:59.315 DEBUG 14964 --- [http-nio-8080-exec-1] com.sky.mapper.EmployeeMapper.update     : ==>  Preparing: update employee SET status = ? where id = ?
2026-08-02 01:51:59.333 DEBUG 14964 --- [http-nio-8080-exec-1] com.sky.mapper.EmployeeMapper.update     : ==> Parameters: 0(Integer), 2(Long)
2026-08-02 01:51:59.343 DEBUG 14964 --- [http-nio-8080-exec-1] com.sky.mapper.EmployeeMapper.update     : <==    Updates: 1
2026-08-02 01:52:07.272  INFO 14964 --- [http-nio-8080-exec-3] c.s.i.JwtTokenAdminInterceptor           : jwt校验:eyJhbGciOiJIUzI1NiJ9.eyJlbXBJZCI6MSwiZXhwIjoxNzg2MjExMTQ3fQ.BCFRvjnDB6T-p0J01Jz5I3xJ8JDVQLjzjG9WTHnbRnE
2026-08-02 01:52:07.273  INFO 14964 --- [http-nio-8080-exec-3] c.s.i.JwtTokenAdminInterceptor           : 当前员工id：
2026-08-02 01:52:07.277  INFO 14964 --- [http-nio-8080-exec-3] c.s.controller.admin.EmployeeController  : 员工分页查询，参数为EmployeePageQueryDTO(name=null, page=1, pageSize=10)
2026-08-02 01:52:07.303 DEBUG 14964 --- [http-nio-8080-exec-3] c.s.mapper.EmployeeMapper.getPage_COUNT  : ==>  Preparing: SELECT count(0) FROM employee
2026-08-02 01:52:07.304 DEBUG 14964 --- [http-nio-8080-exec-3] c.s.mapper.EmployeeMapper.getPage_COUNT  : ==> Parameters: 
2026-08-02 01:52:07.320 DEBUG 14964 --- [http-nio-8080-exec-3] c.s.mapper.EmployeeMapper.getPage_COUNT  : <==      Total: 1
2026-08-02 01:52:07.321 DEBUG 14964 --- [http-nio-8080-exec-3] com.sky.mapper.EmployeeMapper.getPage    : ==>  Preparing: select * from employee LIMIT ?
2026-08-02 01:52:07.322 DEBUG 14964 --- [http-nio-8080-exec-3] com.sky.mapper.EmployeeMapper.getPage    : ==> Parameters: 10(Integer)
2026-08-02 01:52:07.325 DEBUG 14964 --- [http-nio-8080-exec-3] com.sky.mapper.EmployeeMapper.getPage    : <==      Total: 3
2026-08-02 01:52:15.101  INFO 14964 --- [http-nio-8080-exec-2] c.s.i.JwtTokenAdminInterceptor           : jwt校验:eyJhbGciOiJIUzI1NiJ9.eyJlbXBJZCI6MSwiZXhwIjoxNzg1NjExNTg1fQ.778L8T6SRVke3WUozuUHLkZlCT9_minWr7hzu1ee5SA
2026-08-02 01:52:15.102  INFO 14964 --- [http-nio-8080-exec-2] c.s.i.JwtTokenAdminInterceptor           : 当前员工id：
2026-08-02 01:52:15.102  INFO 14964 --- [http-nio-8080-exec-2] c.s.controller.admin.EmployeeController  : 员工分页查询，参数为EmployeePageQueryDTO(name=null, page=1, pageSize=10)
2026-08-02 01:52:15.103  WARN 14964 --- [http-nio-8080-exec-4] o.s.web.servlet.PageNotFound             : No mapping for GET /admin/shop/status
2026-08-02 01:52:15.103 DEBUG 14964 --- [http-nio-8080-exec-2] c.s.mapper.EmployeeMapper.getPage_COUNT  : ==>  Preparing: SELECT count(0) FROM employee
2026-08-02 01:52:15.104 DEBUG 14964 --- [http-nio-8080-exec-2] c.s.mapper.EmployeeMapper.getPage_COUNT  : ==> Parameters: 
2026-08-02 01:52:15.105 DEBUG 14964 --- [http-nio-8080-exec-2] c.s.mapper.EmployeeMapper.getPage_COUNT  : <==      Total: 1
2026-08-02 01:52:15.106 DEBUG 14964 --- [http-nio-8080-exec-2] com.sky.mapper.EmployeeMapper.getPage    : ==>  Preparing: select * from employee LIMIT ?
2026-08-02 01:52:15.106 DEBUG 14964 --- [http-nio-8080-exec-2] com.sky.mapper.EmployeeMapper.getPage    : ==> Parameters: 10(Integer)
2026-08-02 01:52:15.108 DEBUG 14964 --- [http-nio-8080-exec-2] com.sky.mapper.EmployeeMapper.getPage    : <==      Total: 3
2026-08-02 01:52:15.388  WARN 14964 --- [http-nio-8080-exec-5] o.s.web.servlet.PageNotFound             : No mapping for GET /ws/3weui0kdjgt
2026-08-02 01:52:18.475  INFO 14964 --- [http-nio-8080-exec-6] c.s.i.JwtTokenAdminInterceptor           : jwt校验:eyJhbGciOiJIUzI1NiJ9.eyJlbXBJZCI6MSwiZXhwIjoxNzg1NjExNTg1fQ.778L8T6SRVke3WUozuUHLkZlCT9_minWr7hzu1ee5SA
2026-08-02 01:52:18.476  INFO 14964 --- [http-nio-8080-exec-6] c.s.i.JwtTokenAdminInterceptor           : 当前员工id：
2026-08-02 01:52:18.477  INFO 14964 --- [http-nio-8080-exec-6] c.s.controller.admin.EmployeeController  : 启用或禁用员工账户：1,2
2026-08-02 01:52:18.477 DEBUG 14964 --- [http-nio-8080-exec-6] com.sky.mapper.EmployeeMapper.update     : ==>  Preparing: update employee SET status = ? where id = ?
2026-08-02 01:52:18.477 DEBUG 14964 --- [http-nio-8080-exec-6] com.sky.mapper.EmployeeMapper.update     : ==> Parameters: 1(Integer), 2(Long)
2026-08-02 01:52:18.481 DEBUG 14964 --- [http-nio-8080-exec-6] com.sky.mapper.EmployeeMapper.update     : <==    Updates: 1
2026-08-02 01:52:18.487  INFO 14964 --- [http-nio-8080-exec-7] c.s.i.JwtTokenAdminInterceptor           : jwt校验:eyJhbGciOiJIUzI1NiJ9.eyJlbXBJZCI6MSwiZXhwIjoxNzg1NjExNTg1fQ.778L8T6SRVke3WUozuUHLkZlCT9_minWr7hzu1ee5SA
2026-08-02 01:52:18.487  INFO 14964 --- [http-nio-8080-exec-7] c.s.i.JwtTokenAdminInterceptor           : 当前员工id：
2026-08-02 01:52:18.488  INFO 14964 --- [http-nio-8080-exec-7] c.s.controller.admin.EmployeeController  : 员工分页查询，参数为EmployeePageQueryDTO(name=null, page=1, pageSize=10)
2026-08-02 01:52:18.488 DEBUG 14964 --- [http-nio-8080-exec-7] c.s.mapper.EmployeeMapper.getPage_COUNT  : ==>  Preparing: SELECT count(0) FROM employee
2026-08-02 01:52:18.488 DEBUG 14964 --- [http-nio-8080-exec-7] c.s.mapper.EmployeeMapper.getPage_COUNT  : ==> Parameters: 
2026-08-02 01:52:18.489 DEBUG 14964 --- [http-nio-8080-exec-7] c.s.mapper.EmployeeMapper.getPage_COUNT  : <==      Total: 1
2026-08-02 01:52:18.489 DEBUG 14964 --- [http-nio-8080-exec-7] com.sky.mapper.EmployeeMapper.getPage    : ==>  Preparing: select * from employee LIMIT ?
2026-08-02 01:52:18.490 DEBUG 14964 --- [http-nio-8080-exec-7] com.sky.mapper.EmployeeMapper.getPage    : ==> Parameters: 10(Integer)
2026-08-02 01:52:18.491 DEBUG 14964 --- [http-nio-8080-exec-7] com.sky.mapper.EmployeeMapper.getPage    : <==      Total: 3
2026-08-02 01:52:20.283  INFO 14964 --- [http-nio-8080-exec-8] c.s.i.JwtTokenAdminInterceptor           : jwt校验:eyJhbGciOiJIUzI1NiJ9.eyJlbXBJZCI6MSwiZXhwIjoxNzg1NjExNTg1fQ.778L8T6SRVke3WUozuUHLkZlCT9_minWr7hzu1ee5SA
2026-08-02 01:52:20.284  INFO 14964 --- [http-nio-8080-exec-8] c.s.i.JwtTokenAdminInterceptor           : 当前员工id：
2026-08-02 01:52:20.285 DEBUG 14964 --- [http-nio-8080-exec-8] c.sky.mapper.EmployeeMapper.getByUserId  : ==>  Preparing: select * from employee where id = ?
2026-08-02 01:52:20.285 DEBUG 14964 --- [http-nio-8080-exec-8] c.sky.mapper.EmployeeMapper.getByUserId  : ==> Parameters: 2(Integer)
2026-08-02 01:52:20.286 DEBUG 14964 --- [http-nio-8080-exec-8] c.sky.mapper.EmployeeMapper.getByUserId  : <==      Total: 1
2026-08-02 01:52:22.151  INFO 14964 --- [http-nio-8080-exec-9] c.s.i.JwtTokenAdminInterceptor           : jwt校验:eyJhbGciOiJIUzI1NiJ9.eyJlbXBJZCI6MSwiZXhwIjoxNzg1NjExNTg1fQ.778L8T6SRVke3WUozuUHLkZlCT9_minWr7hzu1ee5SA
2026-08-02 01:52:22.151  INFO 14964 --- [http-nio-8080-exec-9] c.s.i.JwtTokenAdminInterceptor           : 当前员工id：
2026-08-02 01:52:22.152  INFO 14964 --- [http-nio-8080-exec-9] c.s.controller.admin.EmployeeController  : 员工分页查询，参数为EmployeePageQueryDTO(name=null, page=1, pageSize=10)
2026-08-02 01:52:22.152 DEBUG 14964 --- [http-nio-8080-exec-9] c.s.mapper.EmployeeMapper.getPage_COUNT  : ==>  Preparing: SELECT count(0) FROM employee
2026-08-02 01:52:22.153 DEBUG 14964 --- [http-nio-8080-exec-9] c.s.mapper.EmployeeMapper.getPage_COUNT  : ==> Parameters: 
2026-08-02 01:52:22.153 DEBUG 14964 --- [http-nio-8080-exec-9] c.s.mapper.EmployeeMapper.getPage_COUNT  : <==      Total: 1
2026-08-02 01:52:22.153 DEBUG 14964 --- [http-nio-8080-exec-9] com.sky.mapper.EmployeeMapper.getPage    : ==>  Preparing: select * from employee LIMIT ?
2026-08-02 01:52:22.154 DEBUG 14964 --- [http-nio-8080-exec-9] com.sky.mapper.EmployeeMapper.getPage    : ==> Parameters: 10(Integer)
2026-08-02 01:52:22.154 DEBUG 14964 --- [http-nio-8080-exec-9] com.sky.mapper.EmployeeMapper.getPage    : <==      Total: 3
2026-08-02 01:52:23.553  INFO 14964 --- [http-nio-8080-exec-10] c.s.i.JwtTokenAdminInterceptor           : jwt校验:eyJhbGciOiJIUzI1NiJ9.eyJlbXBJZCI6MSwiZXhwIjoxNzg1NjExNTg1fQ.778L8T6SRVke3WUozuUHLkZlCT9_minWr7hzu1ee5SA
2026-08-02 01:52:23.553  INFO 14964 --- [http-nio-8080-exec-10] c.s.i.JwtTokenAdminInterceptor           : 当前员工id：
2026-08-02 01:52:23.554  INFO 14964 --- [http-nio-8080-exec-10] c.s.controller.admin.EmployeeController  : 启用或禁用员工账户：0,2
2026-08-02 01:52:23.554 DEBUG 14964 --- [http-nio-8080-exec-10] com.sky.mapper.EmployeeMapper.update     : ==>  Preparing: update employee SET status = ? where id = ?
2026-08-02 01:52:23.554 DEBUG 14964 --- [http-nio-8080-exec-10] com.sky.mapper.EmployeeMapper.update     : ==> Parameters: 0(Integer), 2(Long)
2026-08-02 01:52:23.557 DEBUG 14964 --- [http-nio-8080-exec-10] com.sky.mapper.EmployeeMapper.update     : <==    Updates: 1
2026-08-02 01:52:23.563  INFO 14964 --- [http-nio-8080-exec-1] c.s.i.JwtTokenAdminInterceptor           : jwt校验:eyJhbGciOiJIUzI1NiJ9.eyJlbXBJZCI6MSwiZXhwIjoxNzg1NjExNTg1fQ.778L8T6SRVke3WUozuUHLkZlCT9_minWr7hzu1ee5SA
2026-08-02 01:52:23.563  INFO 14964 --- [http-nio-8080-exec-1] c.s.i.JwtTokenAdminInterceptor           : 当前员工id：
2026-08-02 01:52:23.564  INFO 14964 --- [http-nio-8080-exec-1] c.s.controller.admin.EmployeeController  : 员工分页查询，参数为EmployeePageQueryDTO(name=null, page=1, pageSize=10)
2026-08-02 01:52:23.564 DEBUG 14964 --- [http-nio-8080-exec-1] c.s.mapper.EmployeeMapper.getPage_COUNT  : ==>  Preparing: SELECT count(0) FROM employee
2026-08-02 01:52:23.564 DEBUG 14964 --- [http-nio-8080-exec-1] c.s.mapper.EmployeeMapper.getPage_COUNT  : ==> Parameters: 
2026-08-02 01:52:23.565 DEBUG 14964 --- [http-nio-8080-exec-1] c.s.mapper.EmployeeMapper.getPage_COUNT  : <==      Total: 1
2026-08-02 01:52:23.565 DEBUG 14964 --- [http-nio-8080-exec-1] com.sky.mapper.EmployeeMapper.getPage    : ==>  Preparing: select * from employee LIMIT ?
2026-08-02 01:52:23.565 DEBUG 14964 --- [http-nio-8080-exec-1] com.sky.mapper.EmployeeMapper.getPage    : ==> Parameters: 10(Integer)
2026-08-02 01:52:23.566 DEBUG 14964 --- [http-nio-8080-exec-1] com.sky.mapper.EmployeeMapper.getPage    : <==      Total: 3
2026-08-02 01:52:26.504  INFO 14964 --- [http-nio-8080-exec-3] c.s.i.JwtTokenAdminInterceptor           : jwt校验:eyJhbGciOiJIUzI1NiJ9.eyJlbXBJZCI6MSwiZXhwIjoxNzg1NjExNTg1fQ.778L8T6SRVke3WUozuUHLkZlCT9_minWr7hzu1ee5SA
2026-08-02 01:52:26.504  INFO 14964 --- [http-nio-8080-exec-3] c.s.i.JwtTokenAdminInterceptor           : 当前员工id：
2026-08-02 01:52:26.505  INFO 14964 --- [http-nio-8080-exec-3] c.s.controller.admin.EmployeeController  : 启用或禁用员工账户：1,2
2026-08-02 01:52:26.505 DEBUG 14964 --- [http-nio-8080-exec-3] com.sky.mapper.EmployeeMapper.update     : ==>  Preparing: update employee SET status = ? where id = ?
2026-08-02 01:52:26.505 DEBUG 14964 --- [http-nio-8080-exec-3] com.sky.mapper.EmployeeMapper.update     : ==> Parameters: 1(Integer), 2(Long)
2026-08-02 01:52:26.508 DEBUG 14964 --- [http-nio-8080-exec-3] com.sky.mapper.EmployeeMapper.update     : <==    Updates: 1
2026-08-02 01:52:26.514  INFO 14964 --- [http-nio-8080-exec-2] c.s.i.JwtTokenAdminInterceptor           : jwt校验:eyJhbGciOiJIUzI1NiJ9.eyJlbXBJZCI6MSwiZXhwIjoxNzg1NjExNTg1fQ.778L8T6SRVke3WUozuUHLkZlCT9_minWr7hzu1ee5SA
2026-08-02 01:52:26.514  INFO 14964 --- [http-nio-8080-exec-2] c.s.i.JwtTokenAdminInterceptor           : 当前员工id：
2026-08-02 01:52:26.515  INFO 14964 --- [http-nio-8080-exec-2] c.s.controller.admin.EmployeeController  : 员工分页查询，参数为EmployeePageQueryDTO(name=null, page=1, pageSize=10)
2026-08-02 01:52:26.515 DEBUG 14964 --- [http-nio-8080-exec-2] c.s.mapper.EmployeeMapper.getPage_COUNT  : ==>  Preparing: SELECT count(0) FROM employee
2026-08-02 01:52:26.515 DEBUG 14964 --- [http-nio-8080-exec-2] c.s.mapper.EmployeeMapper.getPage_COUNT  : ==> Parameters: 
2026-08-02 01:52:26.516 DEBUG 14964 --- [http-nio-8080-exec-2] c.s.mapper.EmployeeMapper.getPage_COUNT  : <==      Total: 1
2026-08-02 01:52:26.516 DEBUG 14964 --- [http-nio-8080-exec-2] com.sky.mapper.EmployeeMapper.getPage    : ==>  Preparing: select * from employee LIMIT ?
2026-08-02 01:52:26.516 DEBUG 14964 --- [http-nio-8080-exec-2] com.sky.mapper.EmployeeMapper.getPage    : ==> Parameters: 10(Integer)
2026-08-02 01:52:26.517 DEBUG 14964 --- [http-nio-8080-exec-2] com.sky.mapper.EmployeeMapper.getPage    : <==      Total: 3
2026-08-02 01:54:01.495  INFO 14964 --- [http-nio-8080-exec-5] c.s.i.JwtTokenAdminInterceptor           : jwt校验:eyJhbGciOiJIUzI1NiJ9.eyJlbXBJZCI6MSwiZXhwIjoxNzg1NjExNTg1fQ.778L8T6SRVke3WUozuUHLkZlCT9_minWr7hzu1ee5SA
2026-08-02 01:54:01.496  INFO 14964 --- [http-nio-8080-exec-5] c.s.i.JwtTokenAdminInterceptor           : 当前员工id：
2026-08-02 01:54:01.504 ERROR 14964 --- [http-nio-8080-exec-5] c.a.druid.pool.DruidAbstractDataSource   : discard long time none received connection. , jdbcUrl : jdbc:mysql://localhost:3306/sky_take_out?serverTimezone=Asia/Shanghai&useUnicode=true&characterEncoding=utf-8&zeroDateTimeBehavior=convertToNull&useSSL=false&allowPublicKeyRetrieval=true, jdbcUrl : jdbc:mysql://localhost:3306/sky_take_out?serverTimezone=Asia/Shanghai&useUnicode=true&characterEncoding=utf-8&zeroDateTimeBehavior=convertToNull&useSSL=false&allowPublicKeyRetrieval=true, lastPacketReceivedIdleMillis : 94981
2026-08-02 01:54:01.507 DEBUG 14964 --- [http-nio-8080-exec-5] c.sky.mapper.EmployeeMapper.getByUserId  : ==>  Preparing: select * from employee where id = ?
2026-08-02 01:54:01.507 DEBUG 14964 --- [http-nio-8080-exec-5] c.sky.mapper.EmployeeMapper.getByUserId  : ==> Parameters: 2(Integer)
2026-08-02 01:54:01.508 DEBUG 14964 --- [http-nio-8080-exec-5] c.sky.mapper.EmployeeMapper.getByUserId  : <==      Total: 1
2026-08-02 01:59:18.670  INFO 14964 --- [http-nio-8080-exec-6] c.s.i.JwtTokenAdminInterceptor           : jwt校验:eyJhbGciOiJIUzI1NiJ9.eyJlbXBJZCI6MSwiZXhwIjoxNzg1NjExNTg1fQ.778L8T6SRVke3WUozuUHLkZlCT9_minWr7hzu1ee5SA
2026-08-02 01:59:18.671  INFO 14964 --- [http-nio-8080-exec-6] c.s.i.JwtTokenAdminInterceptor           : 当前员工id：
2026-08-02 01:59:18.672  INFO 14964 --- [http-nio-8080-exec-6] c.s.controller.admin.EmployeeController  : 员工分页查询，参数为EmployeePageQueryDTO(name=null, page=1, pageSize=10)
2026-08-02 01:59:18.673 ERROR 14964 --- [http-nio-8080-exec-6] c.a.druid.pool.DruidAbstractDataSource   : discard long time none received connection. , jdbcUrl : jdbc:mysql://localhost:3306/sky_take_out?serverTimezone=Asia/Shanghai&useUnicode=true&characterEncoding=utf-8&zeroDateTimeBehavior=convertToNull&useSSL=false&allowPublicKeyRetrieval=true, jdbcUrl : jdbc:mysql://localhost:3306/sky_take_out?serverTimezone=Asia/Shanghai&useUnicode=true&characterEncoding=utf-8&zeroDateTimeBehavior=convertToNull&useSSL=false&allowPublicKeyRetrieval=true, lastPacketReceivedIdleMillis : 317165
2026-08-02 01:59:18.676 DEBUG 14964 --- [http-nio-8080-exec-6] c.s.mapper.EmployeeMapper.getPage_COUNT  : ==>  Preparing: SELECT count(0) FROM employee
2026-08-02 01:59:18.676 DEBUG 14964 --- [http-nio-8080-exec-6] c.s.mapper.EmployeeMapper.getPage_COUNT  : ==> Parameters: 
2026-08-02 01:59:18.677 DEBUG 14964 --- [http-nio-8080-exec-6] c.s.mapper.EmployeeMapper.getPage_COUNT  : <==      Total: 1
2026-08-02 01:59:18.677 DEBUG 14964 --- [http-nio-8080-exec-6] com.sky.mapper.EmployeeMapper.getPage    : ==>  Preparing: select * from employee LIMIT ?
2026-08-02 01:59:18.677 DEBUG 14964 --- [http-nio-8080-exec-6] com.sky.mapper.EmployeeMapper.getPage    : ==> Parameters: 10(Integer)
2026-08-02 01:59:18.678 DEBUG 14964 --- [http-nio-8080-exec-6] com.sky.mapper.EmployeeMapper.getPage    : <==      Total: 3
2026-08-02 01:59:20.860  INFO 14964 --- [http-nio-8080-exec-7] c.s.i.JwtTokenAdminInterceptor           : jwt校验:eyJhbGciOiJIUzI1NiJ9.eyJlbXBJZCI6MSwiZXhwIjoxNzg1NjExNTg1fQ.778L8T6SRVke3WUozuUHLkZlCT9_minWr7hzu1ee5SA
2026-08-02 01:59:20.861  INFO 14964 --- [http-nio-8080-exec-7] c.s.i.JwtTokenAdminInterceptor           : 当前员工id：
2026-08-02 01:59:20.861 DEBUG 14964 --- [http-nio-8080-exec-7] c.sky.mapper.EmployeeMapper.getByUserId  : ==>  Preparing: select * from employee where id = ?
2026-08-02 01:59:20.861 DEBUG 14964 --- [http-nio-8080-exec-7] c.sky.mapper.EmployeeMapper.getByUserId  : ==> Parameters: 2(Integer)
2026-08-02 01:59:20.862 DEBUG 14964 --- [http-nio-8080-exec-7] c.sky.mapper.EmployeeMapper.getByUserId  : <==      Total: 1
2026-08-02 02:13:51.463  INFO 14964 --- [SpringApplicationShutdownHook] com.alibaba.druid.pool.DruidDataSource   : {dataSource-1} closing ...
2026-08-02 02:13:51.465  INFO 14964 --- [SpringApplicationShutdownHook] com.alibaba.druid.pool.DruidDataSource   : {dataSource-1} closed
2026-08-02 02:13:56.204  INFO 18268 --- [main] .s.d.r.c.RepositoryConfigurationDelegate : Multiple Spring Data modules found, entering strict repository configuration mode
2026-08-02 02:13:56.207  INFO 18268 --- [main] .s.d.r.c.RepositoryConfigurationDelegate : Bootstrapping Spring Data Redis repositories in DEFAULT mode.
2026-08-02 02:13:56.231  INFO 18268 --- [main] .s.d.r.c.RepositoryConfigurationDelegate : Finished Spring Data repository scanning in 12 ms. Found 0 Redis repository interfaces.
2026-08-02 02:13:56.736  INFO 18268 --- [main] o.s.b.w.embedded.tomcat.TomcatWebServer  : Tomcat initialized with port(s): 8080 (http)
2026-08-02 02:13:56.745  INFO 18268 --- [main] o.apache.catalina.core.StandardService   : Starting service [Tomcat]
2026-08-02 02:13:56.745  INFO 18268 --- [main] org.apache.catalina.core.StandardEngine  : Starting Servlet engine: [Apache Tomcat/9.0.82]
2026-08-02 02:13:56.844  INFO 18268 --- [main] o.a.c.c.C.[Tomcat].[localhost].[/]       : Initializing Spring embedded WebApplicationContext
2026-08-02 02:13:56.844  INFO 18268 --- [main] w.s.c.ServletWebServerApplicationContext : Root WebApplicationContext: initialization completed in 1261 ms
2026-08-02 02:13:56.956  INFO 18268 --- [main] c.a.d.s.b.a.DruidDataSourceAutoConfigure : Init DruidDataSource
2026-08-02 02:13:57.051  INFO 18268 --- [main] com.alibaba.druid.pool.DruidDataSource   : {dataSource-1} inited
2026-08-02 02:13:57.252  INFO 18268 --- [main] com.sky.config.WebMvcConfiguration       : 准备生成接口文档..
2026-08-02 02:13:57.311  INFO 18268 --- [main] com.sky.config.WebMvcConfiguration       : 开始注册自定义拦截器...
2026-08-02 02:13:57.368  INFO 18268 --- [main] com.sky.config.WebMvcConfiguration       : 扩展消息转换器已启动
2026-08-02 02:13:57.371  INFO 18268 --- [main] com.sky.config.WebMvcConfiguration       : 开始设置静态资源映射
2026-08-02 02:13:57.847  INFO 18268 --- [main] o.s.b.w.embedded.tomcat.TomcatWebServer  : Tomcat started on port(s): 8080 (http) with context path ''
2026-08-02 02:13:57.992  INFO 18268 --- [main] com.sky.SkyApplication                   : server started
2026-08-02 02:14:28.553  INFO 18268 --- [http-nio-8080-exec-1] o.a.c.c.C.[Tomcat].[localhost].[/]       : Initializing Spring DispatcherServlet 'dispatcherServlet'
2026-08-02 02:14:28.554  INFO 18268 --- [http-nio-8080-exec-1] o.s.web.servlet.DispatcherServlet        : Initializing Servlet 'dispatcherServlet'
2026-08-02 02:14:28.555  INFO 18268 --- [http-nio-8080-exec-1] o.s.web.servlet.DispatcherServlet        : Completed initialization in 1 ms
2026-08-02 02:14:35.644  INFO 18268 --- [http-nio-8080-exec-10] c.s.i.JwtTokenAdminInterceptor           : jwt校验:eyJhbGciOiJIUzI1NiJ9.eyJlbXBJZCI6MSwiZXhwIjoxNzg2MjExMTQ3fQ.BCFRvjnDB6T-p0J01Jz5I3xJ8JDVQLjzjG9WTHnbRnE
2026-08-02 02:14:35.722  INFO 18268 --- [http-nio-8080-exec-10] c.s.i.JwtTokenAdminInterceptor           : 当前员工id：
2026-08-02 02:14:35.839 DEBUG 18268 --- [http-nio-8080-exec-10] c.sky.mapper.EmployeeMapper.getByUserId  : ==>  Preparing: select * from employee where id = ?
2026-08-02 02:14:35.858 DEBUG 18268 --- [http-nio-8080-exec-10] c.sky.mapper.EmployeeMapper.getByUserId  : ==> Parameters: 1(Integer)
2026-08-02 02:14:35.877 DEBUG 18268 --- [http-nio-8080-exec-10] c.sky.mapper.EmployeeMapper.getByUserId  : <==      Total: 1
2026-08-02 02:15:38.730  INFO 18268 --- [http-nio-8080-exec-5] c.s.i.JwtTokenAdminInterceptor           : jwt校验:eyJhbGciOiJIUzI1NiJ9.eyJlbXBJZCI6MSwiZXhwIjoxNzg1NjExNTg1fQ.778L8T6SRVke3WUozuUHLkZlCT9_minWr7hzu1ee5SA
2026-08-02 02:15:38.731  INFO 18268 --- [http-nio-8080-exec-5] c.s.i.JwtTokenAdminInterceptor           : 当前员工id：
2026-08-02 02:15:38.735  INFO 18268 --- [http-nio-8080-exec-5] c.s.controller.admin.EmployeeController  : 员工分页查询，参数为EmployeePageQueryDTO(name=null, page=1, pageSize=10)
2026-08-02 02:15:38.770 ERROR 18268 --- [http-nio-8080-exec-5] c.a.druid.pool.DruidAbstractDataSource   : discard long time none received connection. , jdbcUrl : jdbc:mysql://localhost:3306/sky_take_out?serverTimezone=Asia/Shanghai&useUnicode=true&characterEncoding=utf-8&zeroDateTimeBehavior=convertToNull&useSSL=false&allowPublicKeyRetrieval=true, jdbcUrl : jdbc:mysql://localhost:3306/sky_take_out?serverTimezone=Asia/Shanghai&useUnicode=true&characterEncoding=utf-8&zeroDateTimeBehavior=convertToNull&useSSL=false&allowPublicKeyRetrieval=true, lastPacketReceivedIdleMillis : 62901
2026-08-02 02:15:38.798 DEBUG 18268 --- [http-nio-8080-exec-5] c.s.mapper.EmployeeMapper.getPage_COUNT  : ==>  Preparing: SELECT count(0) FROM employee
2026-08-02 02:15:38.799 DEBUG 18268 --- [http-nio-8080-exec-5] c.s.mapper.EmployeeMapper.getPage_COUNT  : ==> Parameters: 
2026-08-02 02:15:38.800 DEBUG 18268 --- [http-nio-8080-exec-5] c.s.mapper.EmployeeMapper.getPage_COUNT  : <==      Total: 1
2026-08-02 02:15:38.802 DEBUG 18268 --- [http-nio-8080-exec-5] com.sky.mapper.EmployeeMapper.getPage    : ==>  Preparing: select * from employee LIMIT ?
2026-08-02 02:15:38.802 DEBUG 18268 --- [http-nio-8080-exec-5] com.sky.mapper.EmployeeMapper.getPage    : ==> Parameters: 10(Integer)
2026-08-02 02:15:38.803 DEBUG 18268 --- [http-nio-8080-exec-5] com.sky.mapper.EmployeeMapper.getPage    : <==      Total: 3
2026-08-02 02:16:38.709  INFO 18268 --- [http-nio-8080-exec-7] c.s.i.JwtTokenAdminInterceptor           : jwt校验:eyJhbGciOiJIUzI1NiJ9.eyJlbXBJZCI6MSwiZXhwIjoxNzg1NjExNTg1fQ.778L8T6SRVke3WUozuUHLkZlCT9_minWr7hzu1ee5SA
2026-08-02 02:16:38.709  INFO 18268 --- [http-nio-8080-exec-7] c.s.i.JwtTokenAdminInterceptor           : 当前员工id：
2026-08-02 02:16:38.727  INFO 18268 --- [http-nio-8080-exec-7] c.s.controller.admin.EmployeeController  : 新增员工：EmployeeDTO(id=null, username=lisi, name=李四, phone=17589652390, sex=0, idNumber=522230200312013698)
2026-08-02 02:16:38.729 DEBUG 18268 --- [http-nio-8080-exec-7] c.s.mapper.EmployeeMapper.addUEmployee   : ==>  Preparing: INSERT INTO employee(name,username,password,phone,sex,id_number, create_time,update_time,create_user,update_user) values(?,?,?,?,?,? ,?,?,?,?)
2026-08-02 02:16:38.731 DEBUG 18268 --- [http-nio-8080-exec-7] c.s.mapper.EmployeeMapper.addUEmployee   : ==> Parameters: 李四(String), lisi(String), e10adc3949ba59abbe56e057f20f883e(String), 17589652390(String), 0(String), 522230200312013698(String), 2026-08-02T02:16:38.729411400(LocalDateTime), 2026-08-02T02:16:38.729411400(LocalDateTime), 1(Long), 1(Long)
2026-08-02 02:16:38.746 DEBUG 18268 --- [http-nio-8080-exec-7] c.s.mapper.EmployeeMapper.addUEmployee   : <==    Updates: 1
2026-08-02 02:16:39.269  INFO 18268 --- [http-nio-8080-exec-6] c.s.i.JwtTokenAdminInterceptor           : jwt校验:eyJhbGciOiJIUzI1NiJ9.eyJlbXBJZCI6MSwiZXhwIjoxNzg1NjExNTg1fQ.778L8T6SRVke3WUozuUHLkZlCT9_minWr7hzu1ee5SA
2026-08-02 02:16:39.269  INFO 18268 --- [http-nio-8080-exec-6] c.s.i.JwtTokenAdminInterceptor           : 当前员工id：
2026-08-02 02:16:39.270  INFO 18268 --- [http-nio-8080-exec-6] c.s.controller.admin.EmployeeController  : 员工分页查询，参数为EmployeePageQueryDTO(name=null, page=1, pageSize=10)
2026-08-02 02:16:39.270 DEBUG 18268 --- [http-nio-8080-exec-6] c.s.mapper.EmployeeMapper.getPage_COUNT  : ==>  Preparing: SELECT count(0) FROM employee
2026-08-02 02:16:39.270 DEBUG 18268 --- [http-nio-8080-exec-6] c.s.mapper.EmployeeMapper.getPage_COUNT  : ==> Parameters: 
2026-08-02 02:16:39.271 DEBUG 18268 --- [http-nio-8080-exec-6] c.s.mapper.EmployeeMapper.getPage_COUNT  : <==      Total: 1
2026-08-02 02:16:39.271 DEBUG 18268 --- [http-nio-8080-exec-6] com.sky.mapper.EmployeeMapper.getPage    : ==>  Preparing: select * from employee LIMIT ?
2026-08-02 02:16:39.271 DEBUG 18268 --- [http-nio-8080-exec-6] com.sky.mapper.EmployeeMapper.getPage    : ==> Parameters: 10(Integer)
2026-08-02 02:16:39.272 DEBUG 18268 --- [http-nio-8080-exec-6] com.sky.mapper.EmployeeMapper.getPage    : <==      Total: 4
2026-08-02 02:16:43.643  INFO 18268 --- [http-nio-8080-exec-8] c.s.i.JwtTokenAdminInterceptor           : jwt校验:eyJhbGciOiJIUzI1NiJ9.eyJlbXBJZCI6MSwiZXhwIjoxNzg1NjExNTg1fQ.778L8T6SRVke3WUozuUHLkZlCT9_minWr7hzu1ee5SA
2026-08-02 02:16:43.644  INFO 18268 --- [http-nio-8080-exec-8] c.s.i.JwtTokenAdminInterceptor           : 当前员工id：
2026-08-02 02:16:43.644 DEBUG 18268 --- [http-nio-8080-exec-8] c.sky.mapper.EmployeeMapper.getByUserId  : ==>  Preparing: select * from employee where id = ?
2026-08-02 02:16:43.645 DEBUG 18268 --- [http-nio-8080-exec-8] c.sky.mapper.EmployeeMapper.getByUserId  : ==> Parameters: 9(Integer)
2026-08-02 02:16:43.646 DEBUG 18268 --- [http-nio-8080-exec-8] c.sky.mapper.EmployeeMapper.getByUserId  : <==      Total: 1
2026-08-02 02:16:51.713  INFO 18268 --- [http-nio-8080-exec-9] c.s.i.JwtTokenAdminInterceptor           : jwt校验:eyJhbGciOiJIUzI1NiJ9.eyJlbXBJZCI6MSwiZXhwIjoxNzg1NjExNTg1fQ.778L8T6SRVke3WUozuUHLkZlCT9_minWr7hzu1ee5SA
2026-08-02 02:16:51.714  INFO 18268 --- [http-nio-8080-exec-9] c.s.i.JwtTokenAdminInterceptor           : 当前员工id：
2026-08-02 02:16:51.715  INFO 18268 --- [http-nio-8080-exec-9] c.s.controller.admin.EmployeeController  : 修改员工：EmployeeDTO(id=9, username=employee3, name=李四, phone=17589652390, sex=0, idNumber=522230200312013698)的信息
2026-08-02 02:16:51.723 ERROR 18268 --- [http-nio-8080-exec-9] o.a.c.c.C.[.[.[/].[dispatcherServlet]    : Servlet.service() for servlet [dispatcherServlet] in context with path [] threw exception [Request processing failed; nested exception is org.mybatis.spring.MyBatisSystemException: nested exception is org.apache.ibatis.exceptions.PersistenceException: 
### Error updating database.  Cause: java.lang.IllegalArgumentException: invalid comparison: java.time.LocalDateTime and java.lang.String
### The error may exist in file [D:\Program Files\Java_Develop_Program\JavaProjects\sky-take-out\sky-server\target\classes\mapper\EmployeeMapper.xml]
### The error may involve com.sky.mapper.EmployeeMapper.update
### The error occurred while executing an update
### Cause: java.lang.IllegalArgumentException: invalid comparison: java.time.LocalDateTime and java.lang.String] with root cause

java.lang.IllegalArgumentException: invalid comparison: java.time.LocalDateTime and java.lang.String
	at org.apache.ibatis.ognl.OgnlOps.compareWithConversion(OgnlOps.java:97) ~[mybatis-3.5.7.jar:3.5.7]
	at org.apache.ibatis.ognl.OgnlOps.isEqual(OgnlOps.java:153) ~[mybatis-3.5.7.jar:3.5.7]
	at org.apache.ibatis.ognl.OgnlOps.equal(OgnlOps.java:814) ~[mybatis-3.5.7.jar:3.5.7]
	at org.apache.ibatis.ognl.ASTNotEq.getValueBody(ASTNotEq.java:53) ~[mybatis-3.5.7.jar:3.5.7]
	at org.apache.ibatis.ognl.SimpleNode.evaluateGetValueBody(SimpleNode.java:212) ~[mybatis-3.5.7.jar:3.5.7]
	at org.apache.ibatis.ognl.SimpleNode.getValue(SimpleNode.java:258) ~[mybatis-3.5.7.jar:3.5.7]
	at org.apache.ibatis.ognl.ASTAnd.getValueBody(ASTAnd.java:61) ~[mybatis-3.5.7.jar:3.5.7]
	at org.apache.ibatis.ognl.SimpleNode.evaluateGetValueBody(SimpleNode.java:212) ~[mybatis-3.5.7.jar:3.5.7]
	at org.apache.ibatis.ognl.SimpleNode.getValue(SimpleNode.java:258) ~[mybatis-3.5.7.jar:3.5.7]
	at org.apache.ibatis.ognl.Ognl.getValue(Ognl.java:586) ~[mybatis-3.5.7.jar:3.5.7]
	at org.apache.ibatis.ognl.Ognl.getValue(Ognl.java:550) ~[mybatis-3.5.7.jar:3.5.7]
	at org.apache.ibatis.scripting.xmltags.OgnlCache.getValue(OgnlCache.java:46) ~[mybatis-3.5.7.jar:3.5.7]
	at org.apache.ibatis.scripting.xmltags.ExpressionEvaluator.evaluateBoolean(ExpressionEvaluator.java:32) ~[mybatis-3.5.7.jar:3.5.7]
	at org.apache.ibatis.scripting.xmltags.IfSqlNode.apply(IfSqlNode.java:34) ~[mybatis-3.5.7.jar:3.5.7]
	at org.apache.ibatis.scripting.xmltags.MixedSqlNode.lambda$apply$0(MixedSqlNode.java:32) ~[mybatis-3.5.7.jar:3.5.7]
	at java.base/java.util.ArrayList.forEach(ArrayList.java:1596) ~[na:na]
	at org.apache.ibatis.scripting.xmltags.MixedSqlNode.apply(MixedSqlNode.java:32) ~[mybatis-3.5.7.jar:3.5.7]
	at org.apache.ibatis.scripting.xmltags.TrimSqlNode.apply(TrimSqlNode.java:55) ~[mybatis-3.5.7.jar:3.5.7]
	at org.apache.ibatis.scripting.xmltags.MixedSqlNode.lambda$apply$0(MixedSqlNode.java:32) ~[mybatis-3.5.7.jar:3.5.7]
	at java.base/java.util.ArrayList.forEach(ArrayList.java:1596) ~[na:na]
	at org.apache.ibatis.scripting.xmltags.MixedSqlNode.apply(MixedSqlNode.java:32) ~[mybatis-3.5.7.jar:3.5.7]
	at org.apache.ibatis.scripting.xmltags.DynamicSqlSource.getBoundSql(DynamicSqlSource.java:39) ~[mybatis-3.5.7.jar:3.5.7]
	at org.apache.ibatis.mapping.MappedStatement.getBoundSql(MappedStatement.java:305) ~[mybatis-3.5.7.jar:3.5.7]
	at org.apache.ibatis.executor.statement.BaseStatementHandler.<init>(BaseStatementHandler.java:64) ~[mybatis-3.5.7.jar:3.5.7]
	at org.apache.ibatis.executor.statement.PreparedStatementHandler.<init>(PreparedStatementHandler.java:41) ~[mybatis-3.5.7.jar:3.5.7]
	at org.apache.ibatis.executor.statement.RoutingStatementHandler.<init>(RoutingStatementHandler.java:46) ~[mybatis-3.5.7.jar:3.5.7]
	at org.apache.ibatis.session.Configuration.newStatementHandler(Configuration.java:658) ~[mybatis-3.5.7.jar:3.5.7]
	at org.apache.ibatis.executor.SimpleExecutor.doUpdate(SimpleExecutor.java:48) ~[mybatis-3.5.7.jar:3.5.7]
	at org.apache.ibatis.executor.BaseExecutor.update(BaseExecutor.java:117) ~[mybatis-3.5.7.jar:3.5.7]
	at org.apache.ibatis.executor.CachingExecutor.update(CachingExecutor.java:76) ~[mybatis-3.5.7.jar:3.5.7]
	at java.base/jdk.internal.reflect.DirectMethodHandleAccessor.invoke(DirectMethodHandleAccessor.java:103) ~[na:na]
	at java.base/java.lang.reflect.Method.invoke(Method.java:580) ~[na:na]
	at org.apache.ibatis.plugin.Plugin.invoke(Plugin.java:64) ~[mybatis-3.5.7.jar:3.5.7]
	at jdk.proxy2/jdk.proxy2.$Proxy121.update(Unknown Source) ~[na:na]
	at org.apache.ibatis.session.defaults.DefaultSqlSession.update(DefaultSqlSession.java:194) ~[mybatis-3.5.7.jar:3.5.7]
	at java.base/jdk.internal.reflect.DirectMethodHandleAccessor.invoke(DirectMethodHandleAccessor.java:103) ~[na:na]
	at java.base/java.lang.reflect.Method.invoke(Method.java:580) ~[na:na]
	at org.mybatis.spring.SqlSessionTemplate$SqlSessionInterceptor.invoke(SqlSessionTemplate.java:427) ~[mybatis-spring-2.0.6.jar:2.0.6]
	at jdk.proxy2/jdk.proxy2.$Proxy82.update(Unknown Source) ~[na:na]
	at org.mybatis.spring.SqlSessionTemplate.update(SqlSessionTemplate.java:288) ~[mybatis-spring-2.0.6.jar:2.0.6]
	at org.apache.ibatis.binding.MapperMethod.execute(MapperMethod.java:67) ~[mybatis-3.5.7.jar:3.5.7]
	at org.apache.ibatis.binding.MapperProxy$PlainMethodInvoker.invoke(MapperProxy.java:145) ~[mybatis-3.5.7.jar:3.5.7]
	at org.apache.ibatis.binding.MapperProxy.invoke(MapperProxy.java:86) ~[mybatis-3.5.7.jar:3.5.7]
	at jdk.proxy2/jdk.proxy2.$Proxy83.update(Unknown Source) ~[na:na]
	at com.sky.service.impl.EmployeeServiceImpl.updateEmployee(EmployeeServiceImpl.java:127) ~[classes/:na]
	at com.sky.controller.admin.EmployeeController.updateEmployee(EmployeeController.java:151) ~[classes/:na]
	at java.base/jdk.internal.reflect.DirectMethodHandleAccessor.invoke(DirectMethodHandleAccessor.java:103) ~[na:na]
	at java.base/java.lang.reflect.Method.invoke(Method.java:580) ~[na:na]
	at org.springframework.web.method.support.InvocableHandlerMethod.doInvoke(InvocableHandlerMethod.java:205) ~[spring-web-5.3.30.jar:5.3.30]
	at org.springframework.web.method.support.InvocableHandlerMethod.invokeForRequest(InvocableHandlerMethod.java:150) ~[spring-web-5.3.30.jar:5.3.30]
	at org.springframework.web.servlet.mvc.method.annotation.ServletInvocableHandlerMethod.invokeAndHandle(ServletInvocableHandlerMethod.java:117) ~[spring-webmvc-5.3.30.jar:5.3.30]
	at org.springframework.web.servlet.mvc.method.annotation.RequestMappingHandlerAdapter.invokeHandlerMethod(RequestMappingHandlerAdapter.java:895) ~[spring-webmvc-5.3.30.jar:5.3.30]
	at org.springframework.web.servlet.mvc.method.annotation.RequestMappingHandlerAdapter.handleInternal(RequestMappingHandlerAdapter.java:808) ~[spring-webmvc-5.3.30.jar:5.3.30]
	at org.springframework.web.servlet.mvc.method.AbstractHandlerMethodAdapter.handle(AbstractHandlerMethodAdapter.java:87) ~[spring-webmvc-5.3.30.jar:5.3.30]
	at org.springframework.web.servlet.DispatcherServlet.doDispatch(DispatcherServlet.java:1072) ~[spring-webmvc-5.3.30.jar:5.3.30]
	at org.springframework.web.servlet.DispatcherServlet.doService(DispatcherServlet.java:965) ~[spring-webmvc-5.3.30.jar:5.3.30]
	at org.springframework.web.servlet.FrameworkServlet.processRequest(FrameworkServlet.java:1006) ~[spring-webmvc-5.3.30.jar:5.3.30]
	at org.springframework.web.servlet.FrameworkServlet.doPut(FrameworkServlet.java:920) ~[spring-webmvc-5.3.30.jar:5.3.30]
	at javax.servlet.http.HttpServlet.service(HttpServlet.java:558) ~[tomcat-embed-core-9.0.82.jar:4.0.FR]
	at org.springframework.web.servlet.FrameworkServlet.service(FrameworkServlet.java:883) ~[spring-webmvc-5.3.30.jar:5.3.30]
	at javax.servlet.http.HttpServlet.service(HttpServlet.java:623) ~[tomcat-embed-core-9.0.82.jar:4.0.FR]
	at org.apache.catalina.core.ApplicationFilterChain.internalDoFilter(ApplicationFilterChain.java:209) ~[tomcat-embed-core-9.0.82.jar:9.0.82]
	at org.apache.catalina.core.ApplicationFilterChain.doFilter(ApplicationFilterChain.java:153) ~[tomcat-embed-core-9.0.82.jar:9.0.82]
	at org.apache.tomcat.websocket.server.WsFilter.doFilter(WsFilter.java:51) ~[tomcat-embed-websocket-9.0.82.jar:9.0.82]
	at org.apache.catalina.core.ApplicationFilterChain.internalDoFilter(ApplicationFilterChain.java:178) ~[tomcat-embed-core-9.0.82.jar:9.0.82]
	at org.apache.catalina.core.ApplicationFilterChain.doFilter(ApplicationFilterChain.java:153) ~[tomcat-embed-core-9.0.82.jar:9.0.82]
	at org.springframework.web.filter.CharacterEncodingFilter.doFilterInternal(CharacterEncodingFilter.java:201) ~[spring-web-5.3.30.jar:5.3.30]
	at org.springframework.web.filter.OncePerRequestFilter.doFilter(OncePerRequestFilter.java:117) ~[spring-web-5.3.30.jar:5.3.30]
	at org.apache.catalina.core.ApplicationFilterChain.internalDoFilter(ApplicationFilterChain.java:178) ~[tomcat-embed-core-9.0.82.jar:9.0.82]
	at org.apache.catalina.core.ApplicationFilterChain.doFilter(ApplicationFilterChain.java:153) ~[tomcat-embed-core-9.0.82.jar:9.0.82]
	at org.apache.catalina.core.StandardWrapperValve.invoke(StandardWrapperValve.java:168) ~[tomcat-embed-core-9.0.82.jar:9.0.82]
	at org.apache.catalina.core.StandardContextValve.invoke(StandardContextValve.java:90) ~[tomcat-embed-core-9.0.82.jar:9.0.82]
	at org.apache.catalina.authenticator.AuthenticatorBase.invoke(AuthenticatorBase.java:481) ~[tomcat-embed-core-9.0.82.jar:9.0.82]
	at org.apache.catalina.core.StandardHostValve.invoke(StandardHostValve.java:130) ~[tomcat-embed-core-9.0.82.jar:9.0.82]
	at org.apache.catalina.valves.ErrorReportValve.invoke(ErrorReportValve.java:93) ~[tomcat-embed-core-9.0.82.jar:9.0.82]
	at org.apache.catalina.core.StandardEngineValve.invoke(StandardEngineValve.java:74) ~[tomcat-embed-core-9.0.82.jar:9.0.82]
	at org.apache.catalina.connector.CoyoteAdapter.service(CoyoteAdapter.java:342) ~[tomcat-embed-core-9.0.82.jar:9.0.82]
	at org.apache.coyote.http11.Http11Processor.service(Http11Processor.java:390) ~[tomcat-embed-core-9.0.82.jar:9.0.82]
	at org.apache.coyote.AbstractProcessorLight.process(AbstractProcessorLight.java:63) ~[tomcat-embed-core-9.0.82.jar:9.0.82]
	at org.apache.coyote.AbstractProtocol$ConnectionHandler.process(AbstractProtocol.java:928) ~[tomcat-embed-core-9.0.82.jar:9.0.82]
	at org.apache.tomcat.util.net.NioEndpoint$SocketProcessor.doRun(NioEndpoint.java:1794) ~[tomcat-embed-core-9.0.82.jar:9.0.82]
	at org.apache.tomcat.util.net.SocketProcessorBase.run(SocketProcessorBase.java:52) ~[tomcat-embed-core-9.0.82.jar:9.0.82]
	at org.apache.tomcat.util.threads.ThreadPoolExecutor.runWorker(ThreadPoolExecutor.java:1191) ~[tomcat-embed-core-9.0.82.jar:9.0.82]
	at org.apache.tomcat.util.threads.ThreadPoolExecutor$Worker.run(ThreadPoolExecutor.java:659) ~[tomcat-embed-core-9.0.82.jar:9.0.82]
	at org.apache.tomcat.util.threads.TaskThread$WrappingRunnable.run(TaskThread.java:61) ~[tomcat-embed-core-9.0.82.jar:9.0.82]
	at java.base/java.lang.Thread.run(Thread.java:1583) ~[na:na]

2026-08-02 02:24:09.158  INFO 18268 --- [SpringApplicationShutdownHook] com.alibaba.druid.pool.DruidDataSource   : {dataSource-1} closing ...
2026-08-02 02:24:09.159  INFO 18268 --- [SpringApplicationShutdownHook] com.alibaba.druid.pool.DruidDataSource   : {dataSource-1} closed
2026-08-02 02:24:12.605  INFO 748 --- [main] .s.d.r.c.RepositoryConfigurationDelegate : Multiple Spring Data modules found, entering strict repository configuration mode
2026-08-02 02:24:12.608  INFO 748 --- [main] .s.d.r.c.RepositoryConfigurationDelegate : Bootstrapping Spring Data Redis repositories in DEFAULT mode.
2026-08-02 02:24:12.628  INFO 748 --- [main] .s.d.r.c.RepositoryConfigurationDelegate : Finished Spring Data repository scanning in 10 ms. Found 0 Redis repository interfaces.
2026-08-02 02:24:13.064  INFO 748 --- [main] o.s.b.w.embedded.tomcat.TomcatWebServer  : Tomcat initialized with port(s): 8080 (http)
2026-08-02 02:24:13.071  INFO 748 --- [main] o.apache.catalina.core.StandardService   : Starting service [Tomcat]
2026-08-02 02:24:13.071  INFO 748 --- [main] org.apache.catalina.core.StandardEngine  : Starting Servlet engine: [Apache Tomcat/9.0.82]
2026-08-02 02:24:13.157  INFO 748 --- [main] o.a.c.c.C.[Tomcat].[localhost].[/]       : Initializing Spring embedded WebApplicationContext
2026-08-02 02:24:13.157  INFO 748 --- [main] w.s.c.ServletWebServerApplicationContext : Root WebApplicationContext: initialization completed in 1117 ms
2026-08-02 02:24:13.254  INFO 748 --- [main] c.a.d.s.b.a.DruidDataSourceAutoConfigure : Init DruidDataSource
2026-08-02 02:24:13.335  INFO 748 --- [main] com.alibaba.druid.pool.DruidDataSource   : {dataSource-1} inited
2026-08-02 02:24:13.520  INFO 748 --- [main] com.sky.config.WebMvcConfiguration       : 准备生成接口文档..
2026-08-02 02:24:13.581  INFO 748 --- [main] com.sky.config.WebMvcConfiguration       : 开始注册自定义拦截器...
2026-08-02 02:24:13.630  INFO 748 --- [main] com.sky.config.WebMvcConfiguration       : 扩展消息转换器已启动
2026-08-02 02:24:13.633  INFO 748 --- [main] com.sky.config.WebMvcConfiguration       : 开始设置静态资源映射
2026-08-02 02:24:14.106  INFO 748 --- [main] o.s.b.w.embedded.tomcat.TomcatWebServer  : Tomcat started on port(s): 8080 (http) with context path ''
2026-08-02 02:24:14.248  INFO 748 --- [main] com.sky.SkyApplication                   : server started
2026-08-02 02:24:25.087  INFO 748 --- [http-nio-8080-exec-1] o.a.c.c.C.[Tomcat].[localhost].[/]       : Initializing Spring DispatcherServlet 'dispatcherServlet'
2026-08-02 02:24:25.087  INFO 748 --- [http-nio-8080-exec-1] o.s.web.servlet.DispatcherServlet        : Initializing Servlet 'dispatcherServlet'
2026-08-02 02:24:25.088  INFO 748 --- [http-nio-8080-exec-1] o.s.web.servlet.DispatcherServlet        : Completed initialization in 1 ms
2026-08-02 02:24:25.097  INFO 748 --- [http-nio-8080-exec-1] c.s.i.JwtTokenAdminInterceptor           : jwt校验:eyJhbGciOiJIUzI1NiJ9.eyJlbXBJZCI6MSwiZXhwIjoxNzg1NjExNTg1fQ.778L8T6SRVke3WUozuUHLkZlCT9_minWr7hzu1ee5SA
2026-08-02 02:24:25.167  INFO 748 --- [http-nio-8080-exec-1] c.s.i.JwtTokenAdminInterceptor           : 当前员工id：
2026-08-02 02:24:25.204  INFO 748 --- [http-nio-8080-exec-1] c.s.controller.admin.EmployeeController  : 修改员工：EmployeeDTO(id=9, username=employee3, name=李四, phone=17589652390, sex=0, idNumber=522230200312013698)的信息
2026-08-02 02:24:25.253 ERROR 748 --- [http-nio-8080-exec-1] o.a.c.c.C.[.[.[/].[dispatcherServlet]    : Servlet.service() for servlet [dispatcherServlet] in context with path [] threw exception [Request processing failed; nested exception is org.mybatis.spring.MyBatisSystemException: nested exception is org.apache.ibatis.builder.BuilderException: Error evaluating expression 'updateTime!=null and updateTime!= '. Cause: org.apache.ibatis.ognl.ExpressionSyntaxException: Malformed OGNL expression: updateTime!=null and updateTime!=  [org.apache.ibatis.ognl.ParseException: Encountered "<EOF>" at line 1, column 34.
Was expecting one of:
    ":" ...
    "not" ...
    "+" ...
    "-" ...
    "~" ...
    "!" ...
    "(" ...
    "true" ...
    "false" ...
    "null" ...
    "#this" ...
    "#root" ...
    "#" ...
    "[" ...
    "{" ...
    "@" ...
    "new" ...
    <IDENT> ...
    <DYNAMIC_SUBSCRIPT> ...
    "\'" ...
    "`" ...
    "\"" ...
    <INT_LITERAL> ...
    <FLT_LITERAL> ...
    ]] with root cause

org.apache.ibatis.ognl.ParseException: Encountered "<EOF>" at line 1, column 34.
Was expecting one of:
    ":" ...
    "not" ...
    "+" ...
    "-" ...
    "~" ...
    "!" ...
    "(" ...
    "true" ...
    "false" ...
    "null" ...
    "#this" ...
    "#root" ...
    "#" ...
    "[" ...
    "{" ...
    "@" ...
    "new" ...
    <IDENT> ...
    <DYNAMIC_SUBSCRIPT> ...
    "\'" ...
    "`" ...
    "\"" ...
    <INT_LITERAL> ...
    <FLT_LITERAL> ...
    
	at org.apache.ibatis.ognl.OgnlParser.generateParseException(OgnlParser.java:3232) ~[mybatis-3.5.7.jar:3.5.7]
	at org.apache.ibatis.ognl.OgnlParser.jj_consume_token(OgnlParser.java:3098) ~[mybatis-3.5.7.jar:3.5.7]
	at org.apache.ibatis.ognl.OgnlParser.unaryExpression(OgnlParser.java:1239) ~[mybatis-3.5.7.jar:3.5.7]
	at org.apache.ibatis.ognl.OgnlParser.multiplicativeExpression(OgnlParser.java:974) ~[mybatis-3.5.7.jar:3.5.7]
	at org.apache.ibatis.ognl.OgnlParser.additiveExpression(OgnlParser.java:897) ~[mybatis-3.5.7.jar:3.5.7]
	at org.apache.ibatis.ognl.OgnlParser.shiftExpression(OgnlParser.java:753) ~[mybatis-3.5.7.jar:3.5.7]
	at org.apache.ibatis.ognl.OgnlParser.relationalExpression(OgnlParser.java:511) ~[mybatis-3.5.7.jar:3.5.7]
	at org.apache.ibatis.ognl.OgnlParser.equalityExpression(OgnlParser.java:480) ~[mybatis-3.5.7.jar:3.5.7]
	at org.apache.ibatis.ognl.OgnlParser.andExpression(OgnlParser.java:355) ~[mybatis-3.5.7.jar:3.5.7]
	at org.apache.ibatis.ognl.OgnlParser.exclusiveOrExpression(OgnlParser.java:302) ~[mybatis-3.5.7.jar:3.5.7]
	at org.apache.ibatis.ognl.OgnlParser.inclusiveOrExpression(OgnlParser.java:249) ~[mybatis-3.5.7.jar:3.5.7]
	at org.apache.ibatis.ognl.OgnlParser.logicalAndExpression(OgnlParser.java:224) ~[mybatis-3.5.7.jar:3.5.7]
	at org.apache.ibatis.ognl.OgnlParser.logicalOrExpression(OgnlParser.java:143) ~[mybatis-3.5.7.jar:3.5.7]
	at org.apache.ibatis.ognl.OgnlParser.conditionalTestExpression(OgnlParser.java:104) ~[mybatis-3.5.7.jar:3.5.7]
	at org.apache.ibatis.ognl.OgnlParser.assignmentExpression(OgnlParser.java:67) ~[mybatis-3.5.7.jar:3.5.7]
	at org.apache.ibatis.ognl.OgnlParser.expression(OgnlParser.java:26) ~[mybatis-3.5.7.jar:3.5.7]
	at org.apache.ibatis.ognl.OgnlParser.topLevelExpression(OgnlParser.java:18) ~[mybatis-3.5.7.jar:3.5.7]
	at org.apache.ibatis.ognl.Ognl.parseExpression(Ognl.java:179) ~[mybatis-3.5.7.jar:3.5.7]
	at org.apache.ibatis.scripting.xmltags.OgnlCache.parseExpression(OgnlCache.java:55) ~[mybatis-3.5.7.jar:3.5.7]
	at org.apache.ibatis.scripting.xmltags.OgnlCache.getValue(OgnlCache.java:46) ~[mybatis-3.5.7.jar:3.5.7]
	at org.apache.ibatis.scripting.xmltags.ExpressionEvaluator.evaluateBoolean(ExpressionEvaluator.java:32) ~[mybatis-3.5.7.jar:3.5.7]
	at org.apache.ibatis.scripting.xmltags.IfSqlNode.apply(IfSqlNode.java:34) ~[mybatis-3.5.7.jar:3.5.7]
	at org.apache.ibatis.scripting.xmltags.MixedSqlNode.lambda$apply$0(MixedSqlNode.java:32) ~[mybatis-3.5.7.jar:3.5.7]
	at java.base/java.util.ArrayList.forEach(ArrayList.java:1596) ~[na:na]
	at org.apache.ibatis.scripting.xmltags.MixedSqlNode.apply(MixedSqlNode.java:32) ~[mybatis-3.5.7.jar:3.5.7]
	at org.apache.ibatis.scripting.xmltags.TrimSqlNode.apply(TrimSqlNode.java:55) ~[mybatis-3.5.7.jar:3.5.7]
	at org.apache.ibatis.scripting.xmltags.MixedSqlNode.lambda$apply$0(MixedSqlNode.java:32) ~[mybatis-3.5.7.jar:3.5.7]
	at java.base/java.util.ArrayList.forEach(ArrayList.java:1596) ~[na:na]
	at org.apache.ibatis.scripting.xmltags.MixedSqlNode.apply(MixedSqlNode.java:32) ~[mybatis-3.5.7.jar:3.5.7]
	at org.apache.ibatis.scripting.xmltags.DynamicSqlSource.getBoundSql(DynamicSqlSource.java:39) ~[mybatis-3.5.7.jar:3.5.7]
	at org.apache.ibatis.mapping.MappedStatement.getBoundSql(MappedStatement.java:305) ~[mybatis-3.5.7.jar:3.5.7]
	at org.apache.ibatis.executor.statement.BaseStatementHandler.<init>(BaseStatementHandler.java:64) ~[mybatis-3.5.7.jar:3.5.7]
	at org.apache.ibatis.executor.statement.PreparedStatementHandler.<init>(PreparedStatementHandler.java:41) ~[mybatis-3.5.7.jar:3.5.7]
	at org.apache.ibatis.executor.statement.RoutingStatementHandler.<init>(RoutingStatementHandler.java:46) ~[mybatis-3.5.7.jar:3.5.7]
	at org.apache.ibatis.session.Configuration.newStatementHandler(Configuration.java:658) ~[mybatis-3.5.7.jar:3.5.7]
	at org.apache.ibatis.executor.SimpleExecutor.doUpdate(SimpleExecutor.java:48) ~[mybatis-3.5.7.jar:3.5.7]
	at org.apache.ibatis.executor.BaseExecutor.update(BaseExecutor.java:117) ~[mybatis-3.5.7.jar:3.5.7]
	at org.apache.ibatis.executor.CachingExecutor.update(CachingExecutor.java:76) ~[mybatis-3.5.7.jar:3.5.7]
	at java.base/jdk.internal.reflect.DirectMethodHandleAccessor.invoke(DirectMethodHandleAccessor.java:103) ~[na:na]
	at java.base/java.lang.reflect.Method.invoke(Method.java:580) ~[na:na]
	at org.apache.ibatis.plugin.Plugin.invoke(Plugin.java:64) ~[mybatis-3.5.7.jar:3.5.7]
	at jdk.proxy2/jdk.proxy2.$Proxy105.update(Unknown Source) ~[na:na]
	at org.apache.ibatis.session.defaults.DefaultSqlSession.update(DefaultSqlSession.java:194) ~[mybatis-3.5.7.jar:3.5.7]
	at java.base/jdk.internal.reflect.DirectMethodHandleAccessor.invoke(DirectMethodHandleAccessor.java:103) ~[na:na]
	at java.base/java.lang.reflect.Method.invoke(Method.java:580) ~[na:na]
	at org.mybatis.spring.SqlSessionTemplate$SqlSessionInterceptor.invoke(SqlSessionTemplate.java:427) ~[mybatis-spring-2.0.6.jar:2.0.6]
	at jdk.proxy2/jdk.proxy2.$Proxy82.update(Unknown Source) ~[na:na]
	at org.mybatis.spring.SqlSessionTemplate.update(SqlSessionTemplate.java:288) ~[mybatis-spring-2.0.6.jar:2.0.6]
	at org.apache.ibatis.binding.MapperMethod.execute(MapperMethod.java:67) ~[mybatis-3.5.7.jar:3.5.7]
	at org.apache.ibatis.binding.MapperProxy$PlainMethodInvoker.invoke(MapperProxy.java:145) ~[mybatis-3.5.7.jar:3.5.7]
	at org.apache.ibatis.binding.MapperProxy.invoke(MapperProxy.java:86) ~[mybatis-3.5.7.jar:3.5.7]
	at jdk.proxy2/jdk.proxy2.$Proxy83.update(Unknown Source) ~[na:na]
	at com.sky.service.impl.EmployeeServiceImpl.updateEmployee(EmployeeServiceImpl.java:125) ~[classes/:na]
	at com.sky.controller.admin.EmployeeController.updateEmployee(EmployeeController.java:151) ~[classes/:na]
	at java.base/jdk.internal.reflect.DirectMethodHandleAccessor.invoke(DirectMethodHandleAccessor.java:103) ~[na:na]
	at java.base/java.lang.reflect.Method.invoke(Method.java:580) ~[na:na]
	at org.springframework.web.method.support.InvocableHandlerMethod.doInvoke(InvocableHandlerMethod.java:205) ~[spring-web-5.3.30.jar:5.3.30]
	at org.springframework.web.method.support.InvocableHandlerMethod.invokeForRequest(InvocableHandlerMethod.java:150) ~[spring-web-5.3.30.jar:5.3.30]
	at org.springframework.web.servlet.mvc.method.annotation.ServletInvocableHandlerMethod.invokeAndHandle(ServletInvocableHandlerMethod.java:117) ~[spring-webmvc-5.3.30.jar:5.3.30]
	at org.springframework.web.servlet.mvc.method.annotation.RequestMappingHandlerAdapter.invokeHandlerMethod(RequestMappingHandlerAdapter.java:895) ~[spring-webmvc-5.3.30.jar:5.3.30]
	at org.springframework.web.servlet.mvc.method.annotation.RequestMappingHandlerAdapter.handleInternal(RequestMappingHandlerAdapter.java:808) ~[spring-webmvc-5.3.30.jar:5.3.30]
	at org.springframework.web.servlet.mvc.method.AbstractHandlerMethodAdapter.handle(AbstractHandlerMethodAdapter.java:87) ~[spring-webmvc-5.3.30.jar:5.3.30]
	at org.springframework.web.servlet.DispatcherServlet.doDispatch(DispatcherServlet.java:1072) ~[spring-webmvc-5.3.30.jar:5.3.30]
	at org.springframework.web.servlet.DispatcherServlet.doService(DispatcherServlet.java:965) ~[spring-webmvc-5.3.30.jar:5.3.30]
	at org.springframework.web.servlet.FrameworkServlet.processRequest(FrameworkServlet.java:1006) ~[spring-webmvc-5.3.30.jar:5.3.30]
	at org.springframework.web.servlet.FrameworkServlet.doPut(FrameworkServlet.java:920) ~[spring-webmvc-5.3.30.jar:5.3.30]
	at javax.servlet.http.HttpServlet.service(HttpServlet.java:558) ~[tomcat-embed-core-9.0.82.jar:4.0.FR]
	at org.springframework.web.servlet.FrameworkServlet.service(FrameworkServlet.java:883) ~[spring-webmvc-5.3.30.jar:5.3.30]
	at javax.servlet.http.HttpServlet.service(HttpServlet.java:623) ~[tomcat-embed-core-9.0.82.jar:4.0.FR]
	at org.apache.catalina.core.ApplicationFilterChain.internalDoFilter(ApplicationFilterChain.java:209) ~[tomcat-embed-core-9.0.82.jar:9.0.82]
	at org.apache.catalina.core.ApplicationFilterChain.doFilter(ApplicationFilterChain.java:153) ~[tomcat-embed-core-9.0.82.jar:9.0.82]
	at org.apache.tomcat.websocket.server.WsFilter.doFilter(WsFilter.java:51) ~[tomcat-embed-websocket-9.0.82.jar:9.0.82]
	at org.apache.catalina.core.ApplicationFilterChain.internalDoFilter(ApplicationFilterChain.java:178) ~[tomcat-embed-core-9.0.82.jar:9.0.82]
	at org.apache.catalina.core.ApplicationFilterChain.doFilter(ApplicationFilterChain.java:153) ~[tomcat-embed-core-9.0.82.jar:9.0.82]
	at org.springframework.web.filter.CharacterEncodingFilter.doFilterInternal(CharacterEncodingFilter.java:201) ~[spring-web-5.3.30.jar:5.3.30]
	at org.springframework.web.filter.OncePerRequestFilter.doFilter(OncePerRequestFilter.java:117) ~[spring-web-5.3.30.jar:5.3.30]
	at org.apache.catalina.core.ApplicationFilterChain.internalDoFilter(ApplicationFilterChain.java:178) ~[tomcat-embed-core-9.0.82.jar:9.0.82]
	at org.apache.catalina.core.ApplicationFilterChain.doFilter(ApplicationFilterChain.java:153) ~[tomcat-embed-core-9.0.82.jar:9.0.82]
	at org.apache.catalina.core.StandardWrapperValve.invoke(StandardWrapperValve.java:168) ~[tomcat-embed-core-9.0.82.jar:9.0.82]
	at org.apache.catalina.core.StandardContextValve.invoke(StandardContextValve.java:90) ~[tomcat-embed-core-9.0.82.jar:9.0.82]
	at org.apache.catalina.authenticator.AuthenticatorBase.invoke(AuthenticatorBase.java:481) ~[tomcat-embed-core-9.0.82.jar:9.0.82]
	at org.apache.catalina.core.StandardHostValve.invoke(StandardHostValve.java:130) ~[tomcat-embed-core-9.0.82.jar:9.0.82]
	at org.apache.catalina.valves.ErrorReportValve.invoke(ErrorReportValve.java:93) ~[tomcat-embed-core-9.0.82.jar:9.0.82]
	at org.apache.catalina.core.StandardEngineValve.invoke(StandardEngineValve.java:74) ~[tomcat-embed-core-9.0.82.jar:9.0.82]
	at org.apache.catalina.connector.CoyoteAdapter.service(CoyoteAdapter.java:342) ~[tomcat-embed-core-9.0.82.jar:9.0.82]
	at org.apache.coyote.http11.Http11Processor.service(Http11Processor.java:390) ~[tomcat-embed-core-9.0.82.jar:9.0.82]
	at org.apache.coyote.AbstractProcessorLight.process(AbstractProcessorLight.java:63) ~[tomcat-embed-core-9.0.82.jar:9.0.82]
	at org.apache.coyote.AbstractProtocol$ConnectionHandler.process(AbstractProtocol.java:928) ~[tomcat-embed-core-9.0.82.jar:9.0.82]
	at org.apache.tomcat.util.net.NioEndpoint$SocketProcessor.doRun(NioEndpoint.java:1794) ~[tomcat-embed-core-9.0.82.jar:9.0.82]
	at org.apache.tomcat.util.net.SocketProcessorBase.run(SocketProcessorBase.java:52) ~[tomcat-embed-core-9.0.82.jar:9.0.82]
	at org.apache.tomcat.util.threads.ThreadPoolExecutor.runWorker(ThreadPoolExecutor.java:1191) ~[tomcat-embed-core-9.0.82.jar:9.0.82]
	at org.apache.tomcat.util.threads.ThreadPoolExecutor$Worker.run(ThreadPoolExecutor.java:659) ~[tomcat-embed-core-9.0.82.jar:9.0.82]
	at org.apache.tomcat.util.threads.TaskThread$WrappingRunnable.run(TaskThread.java:61) ~[tomcat-embed-core-9.0.82.jar:9.0.82]
	at java.base/java.lang.Thread.run(Thread.java:1583) ~[na:na]

2026-08-02 02:25:14.503  INFO 748 --- [SpringApplicationShutdownHook] com.alibaba.druid.pool.DruidDataSource   : {dataSource-1} closing ...
2026-08-02 02:25:14.504  INFO 748 --- [SpringApplicationShutdownHook] com.alibaba.druid.pool.DruidDataSource   : {dataSource-1} closed
2026-08-02 02:25:16.776  INFO 3028 --- [main] .s.d.r.c.RepositoryConfigurationDelegate : Multiple Spring Data modules found, entering strict repository configuration mode
2026-08-02 02:25:16.780  INFO 3028 --- [main] .s.d.r.c.RepositoryConfigurationDelegate : Bootstrapping Spring Data Redis repositories in DEFAULT mode.
2026-08-02 02:25:16.800  INFO 3028 --- [main] .s.d.r.c.RepositoryConfigurationDelegate : Finished Spring Data repository scanning in 10 ms. Found 0 Redis repository interfaces.
2026-08-02 02:25:17.232  INFO 3028 --- [main] o.s.b.w.embedded.tomcat.TomcatWebServer  : Tomcat initialized with port(s): 8080 (http)
2026-08-02 02:25:17.239  INFO 3028 --- [main] o.apache.catalina.core.StandardService   : Starting service [Tomcat]
2026-08-02 02:25:17.239  INFO 3028 --- [main] org.apache.catalina.core.StandardEngine  : Starting Servlet engine: [Apache Tomcat/9.0.82]
2026-08-02 02:25:17.324  INFO 3028 --- [main] o.a.c.c.C.[Tomcat].[localhost].[/]       : Initializing Spring embedded WebApplicationContext
2026-08-02 02:25:17.325  INFO 3028 --- [main] w.s.c.ServletWebServerApplicationContext : Root WebApplicationContext: initialization completed in 1079 ms
2026-08-02 02:25:17.423  INFO 3028 --- [main] c.a.d.s.b.a.DruidDataSourceAutoConfigure : Init DruidDataSource
2026-08-02 02:25:17.506  INFO 3028 --- [main] com.alibaba.druid.pool.DruidDataSource   : {dataSource-1} inited
2026-08-02 02:25:17.683  INFO 3028 --- [main] com.sky.config.WebMvcConfiguration       : 准备生成接口文档..
2026-08-02 02:25:17.745  INFO 3028 --- [main] com.sky.config.WebMvcConfiguration       : 开始注册自定义拦截器...
2026-08-02 02:25:17.794  INFO 3028 --- [main] com.sky.config.WebMvcConfiguration       : 扩展消息转换器已启动
2026-08-02 02:25:17.798  INFO 3028 --- [main] com.sky.config.WebMvcConfiguration       : 开始设置静态资源映射
2026-08-02 02:25:18.244  INFO 3028 --- [main] o.s.b.w.embedded.tomcat.TomcatWebServer  : Tomcat started on port(s): 8080 (http) with context path ''
2026-08-02 02:25:18.387  INFO 3028 --- [main] com.sky.SkyApplication                   : server started
2026-08-02 02:25:36.898  INFO 3028 --- [http-nio-8080-exec-1] o.a.c.c.C.[Tomcat].[localhost].[/]       : Initializing Spring DispatcherServlet 'dispatcherServlet'
2026-08-02 02:25:36.899  INFO 3028 --- [http-nio-8080-exec-1] o.s.web.servlet.DispatcherServlet        : Initializing Servlet 'dispatcherServlet'
2026-08-02 02:25:36.900  INFO 3028 --- [http-nio-8080-exec-1] o.s.web.servlet.DispatcherServlet        : Completed initialization in 1 ms
2026-08-02 02:25:36.908  INFO 3028 --- [http-nio-8080-exec-1] c.s.i.JwtTokenAdminInterceptor           : jwt校验:eyJhbGciOiJIUzI1NiJ9.eyJlbXBJZCI6MSwiZXhwIjoxNzg1NjExNTg1fQ.778L8T6SRVke3WUozuUHLkZlCT9_minWr7hzu1ee5SA
2026-08-02 02:25:36.979  INFO 3028 --- [http-nio-8080-exec-1] c.s.i.JwtTokenAdminInterceptor           : 当前员工id：
2026-08-02 02:25:37.015  INFO 3028 --- [http-nio-8080-exec-1] c.s.controller.admin.EmployeeController  : 修改员工：EmployeeDTO(id=9, username=employee3, name=李四, phone=17589652390, sex=0, idNumber=522230200312013698)的信息
2026-08-02 02:25:37.149 DEBUG 3028 --- [http-nio-8080-exec-1] com.sky.mapper.EmployeeMapper.update     : ==>  Preparing: update employee SET name = ?, username =?, sex= ?, id_Number=?, update_Time = ?, update_User=? where id = ?
2026-08-02 02:25:37.167 DEBUG 3028 --- [http-nio-8080-exec-1] com.sky.mapper.EmployeeMapper.update     : ==> Parameters: 李四(String), employee3(String), 0(String), 522230200312013698(String), 2026-08-02T02:25:37.018662900(LocalDateTime), 1(Long), 9(Long)
2026-08-02 02:25:37.174 DEBUG 3028 --- [http-nio-8080-exec-1] com.sky.mapper.EmployeeMapper.update     : <==    Updates: 1
2026-08-02 02:25:37.715  INFO 3028 --- [http-nio-8080-exec-2] c.s.i.JwtTokenAdminInterceptor           : jwt校验:eyJhbGciOiJIUzI1NiJ9.eyJlbXBJZCI6MSwiZXhwIjoxNzg1NjExNTg1fQ.778L8T6SRVke3WUozuUHLkZlCT9_minWr7hzu1ee5SA
2026-08-02 02:25:37.715  INFO 3028 --- [http-nio-8080-exec-2] c.s.i.JwtTokenAdminInterceptor           : 当前员工id：
2026-08-02 02:25:37.720  INFO 3028 --- [http-nio-8080-exec-2] c.s.controller.admin.EmployeeController  : 员工分页查询，参数为EmployeePageQueryDTO(name=null, page=1, pageSize=10)
2026-08-02 02:25:37.746 DEBUG 3028 --- [http-nio-8080-exec-2] c.s.mapper.EmployeeMapper.getPage_COUNT  : ==>  Preparing: SELECT count(0) FROM employee
2026-08-02 02:25:37.747 DEBUG 3028 --- [http-nio-8080-exec-2] c.s.mapper.EmployeeMapper.getPage_COUNT  : ==> Parameters: 
2026-08-02 02:25:37.763 DEBUG 3028 --- [http-nio-8080-exec-2] c.s.mapper.EmployeeMapper.getPage_COUNT  : <==      Total: 1
2026-08-02 02:25:37.765 DEBUG 3028 --- [http-nio-8080-exec-2] com.sky.mapper.EmployeeMapper.getPage    : ==>  Preparing: select * from employee LIMIT ?
2026-08-02 02:25:37.766 DEBUG 3028 --- [http-nio-8080-exec-2] com.sky.mapper.EmployeeMapper.getPage    : ==> Parameters: 10(Integer)
2026-08-02 02:25:37.769 DEBUG 3028 --- [http-nio-8080-exec-2] com.sky.mapper.EmployeeMapper.getPage    : <==      Total: 4
2026-08-02 02:26:33.441  INFO 3028 --- [http-nio-8080-exec-3] c.s.i.JwtTokenAdminInterceptor           : jwt校验:eyJhbGciOiJIUzI1NiJ9.eyJlbXBJZCI6MSwiZXhwIjoxNzg1NjExNTg1fQ.778L8T6SRVke3WUozuUHLkZlCT9_minWr7hzu1ee5SA
2026-08-02 02:26:33.442  INFO 3028 --- [http-nio-8080-exec-3] c.s.i.JwtTokenAdminInterceptor           : 当前员工id：
2026-08-02 02:26:33.443  INFO 3028 --- [http-nio-8080-exec-3] c.s.controller.admin.EmployeeController  : 员工分页查询，参数为EmployeePageQueryDTO(name=null, page=1, pageSize=10)
2026-08-02 02:26:33.443 DEBUG 3028 --- [http-nio-8080-exec-3] c.s.mapper.EmployeeMapper.getPage_COUNT  : ==>  Preparing: SELECT count(0) FROM employee
2026-08-02 02:26:33.443 DEBUG 3028 --- [http-nio-8080-exec-3] c.s.mapper.EmployeeMapper.getPage_COUNT  : ==> Parameters: 
2026-08-02 02:26:33.444 DEBUG 3028 --- [http-nio-8080-exec-3] c.s.mapper.EmployeeMapper.getPage_COUNT  : <==      Total: 1
2026-08-02 02:26:33.444 DEBUG 3028 --- [http-nio-8080-exec-3] com.sky.mapper.EmployeeMapper.getPage    : ==>  Preparing: select * from employee LIMIT ?
2026-08-02 02:26:33.445 DEBUG 3028 --- [http-nio-8080-exec-3] com.sky.mapper.EmployeeMapper.getPage    : ==> Parameters: 10(Integer)
2026-08-02 02:26:33.446 DEBUG 3028 --- [http-nio-8080-exec-3] com.sky.mapper.EmployeeMapper.getPage    : <==      Total: 4
